ARM GAS  C:\Users\nbutts\AppData\Local\Temp\ccpJOgy8.s 			page 1


   1              		.syntax unified
   2              		.cpu cortex-m0plus
   3              		.fpu softvfp
   4              		.eabi_attribute 20, 1
   5              		.eabi_attribute 21, 1
   6              		.eabi_attribute 23, 3
   7              		.eabi_attribute 24, 1
   8              		.eabi_attribute 25, 1
   9              		.eabi_attribute 26, 1
  10              		.eabi_attribute 30, 1
  11              		.eabi_attribute 34, 0
  12              		.eabi_attribute 18, 4
  13              		.thumb
  14              		.syntax unified
  15              		.file	"ADC_1_PM.c"
  16              		.text
  17              	.Ltext0:
  18              		.cfi_sections	.debug_frame
  19              		.section	.text.ADC_1_Sleep,"ax",%progbits
  20              		.align	2
  21              		.global	ADC_1_Sleep
  22              		.code	16
  23              		.thumb_func
  24              		.type	ADC_1_Sleep, %function
  25              	ADC_1_Sleep:
  26              	.LFB1:
  27              		.file 1 "Generated_Source\\PSoC4\\ADC_1_PM.c"
   1:Generated_Source\PSoC4/ADC_1_PM.c **** /***************************************************************************//**
   2:Generated_Source\PSoC4/ADC_1_PM.c **** * \file ADC_1_PM.c  
   3:Generated_Source\PSoC4/ADC_1_PM.c **** * \version 2.0
   4:Generated_Source\PSoC4/ADC_1_PM.c **** *
   5:Generated_Source\PSoC4/ADC_1_PM.c **** * \brief
   6:Generated_Source\PSoC4/ADC_1_PM.c **** *  This file provides the power manager source code to the API for 
   7:Generated_Source\PSoC4/ADC_1_PM.c **** *  ADC_1 component.
   8:Generated_Source\PSoC4/ADC_1_PM.c **** *
   9:Generated_Source\PSoC4/ADC_1_PM.c **** ********************************************************************************
  10:Generated_Source\PSoC4/ADC_1_PM.c **** * \copyright
  11:Generated_Source\PSoC4/ADC_1_PM.c **** * (c) 2015-2016, Cypress Semiconductor Corporation. All rights reserved.
  12:Generated_Source\PSoC4/ADC_1_PM.c **** * This software, including source code, documentation and related
  13:Generated_Source\PSoC4/ADC_1_PM.c **** * materials ("Software"), is owned by Cypress Semiconductor
  14:Generated_Source\PSoC4/ADC_1_PM.c **** * Corporation ("Cypress") and is protected by and subject to worldwide
  15:Generated_Source\PSoC4/ADC_1_PM.c **** * patent protection (United States and foreign), United States copyright
  16:Generated_Source\PSoC4/ADC_1_PM.c **** * laws and international treaty provisions. Therefore, you may use this
  17:Generated_Source\PSoC4/ADC_1_PM.c **** * Software only as provided in the license agreement accompanying the
  18:Generated_Source\PSoC4/ADC_1_PM.c **** * software package from which you obtained this Software ("EULA").
  19:Generated_Source\PSoC4/ADC_1_PM.c **** * If no EULA applies, Cypress hereby grants you a personal, nonexclusive,
  20:Generated_Source\PSoC4/ADC_1_PM.c **** * non-transferable license to copy, modify, and compile the
  21:Generated_Source\PSoC4/ADC_1_PM.c **** * Software source code solely for use in connection with Cypress's
  22:Generated_Source\PSoC4/ADC_1_PM.c **** * integrated circuit products. Any reproduction, modification, translation,
  23:Generated_Source\PSoC4/ADC_1_PM.c **** * compilation, or representation of this Software except as specified
  24:Generated_Source\PSoC4/ADC_1_PM.c **** * above is prohibited without the express written permission of Cypress.
  25:Generated_Source\PSoC4/ADC_1_PM.c **** * Disclaimer: THIS SOFTWARE IS PROVIDED AS-IS, WITH NO
  26:Generated_Source\PSoC4/ADC_1_PM.c **** * WARRANTY OF ANY KIND, EXPRESS OR IMPLIED, INCLUDING,
  27:Generated_Source\PSoC4/ADC_1_PM.c **** * BUT NOT LIMITED TO, NONINFRINGEMENT, IMPLIED
  28:Generated_Source\PSoC4/ADC_1_PM.c **** * WARRANTIES OF MERCHANTABILITY AND FITNESS FOR A
  29:Generated_Source\PSoC4/ADC_1_PM.c **** * PARTICULAR PURPOSE. Cypress reserves the right to make
  30:Generated_Source\PSoC4/ADC_1_PM.c **** * changes to the Software without notice. Cypress does not assume any
ARM GAS  C:\Users\nbutts\AppData\Local\Temp\ccpJOgy8.s 			page 2


  31:Generated_Source\PSoC4/ADC_1_PM.c **** * liability arising out of the application or use of the Software or any
  32:Generated_Source\PSoC4/ADC_1_PM.c **** * product or circuit described in the Software. Cypress does not
  33:Generated_Source\PSoC4/ADC_1_PM.c **** * authorize its products for use in any products where a malfunction or
  34:Generated_Source\PSoC4/ADC_1_PM.c **** * failure of the Cypress product may reasonably be expected to result in
  35:Generated_Source\PSoC4/ADC_1_PM.c **** * significant property damage, injury or death ("High Risk Product"). By
  36:Generated_Source\PSoC4/ADC_1_PM.c **** * including Cypress's product in a High Risk Product, the manufacturer
  37:Generated_Source\PSoC4/ADC_1_PM.c **** * of such system or application assumes all risk of such use and in doing
  38:Generated_Source\PSoC4/ADC_1_PM.c **** * so agrees to indemnify Cypress against all liability.
  39:Generated_Source\PSoC4/ADC_1_PM.c **** *******************************************************************************/
  40:Generated_Source\PSoC4/ADC_1_PM.c **** 
  41:Generated_Source\PSoC4/ADC_1_PM.c **** #include "ADC_1.h"
  42:Generated_Source\PSoC4/ADC_1_PM.c **** 
  43:Generated_Source\PSoC4/ADC_1_PM.c **** /**
  44:Generated_Source\PSoC4/ADC_1_PM.c **** * \addtogroup group_globals
  45:Generated_Source\PSoC4/ADC_1_PM.c **** * @{
  46:Generated_Source\PSoC4/ADC_1_PM.c **** */
  47:Generated_Source\PSoC4/ADC_1_PM.c **** /** Contains configuration of ADC_1 before sleep. Enable state is the
  48:Generated_Source\PSoC4/ADC_1_PM.c **** *   only data required to be preserved. */
  49:Generated_Source\PSoC4/ADC_1_PM.c **** static ADC_1_BACKUP_STRUCT  ADC_1_backup =
  50:Generated_Source\PSoC4/ADC_1_PM.c **** {
  51:Generated_Source\PSoC4/ADC_1_PM.c ****     0u,
  52:Generated_Source\PSoC4/ADC_1_PM.c **** };
  53:Generated_Source\PSoC4/ADC_1_PM.c **** /** @} globals */
  54:Generated_Source\PSoC4/ADC_1_PM.c **** 
  55:Generated_Source\PSoC4/ADC_1_PM.c **** 
  56:Generated_Source\PSoC4/ADC_1_PM.c **** /*******************************************************************************   
  57:Generated_Source\PSoC4/ADC_1_PM.c **** * Function Name: ADC_1_Sleep
  58:Generated_Source\PSoC4/ADC_1_PM.c **** ****************************************************************************//**
  59:Generated_Source\PSoC4/ADC_1_PM.c **** *
  60:Generated_Source\PSoC4/ADC_1_PM.c **** * \brief This is the preferred routine to prepare the component for sleep. The 
  61:Generated_Source\PSoC4/ADC_1_PM.c **** * ADC_1_Sleep() routine saves the current component state. Then it 
  62:Generated_Source\PSoC4/ADC_1_PM.c **** * calls the ADC_1_Stop() function and calls 
  63:Generated_Source\PSoC4/ADC_1_PM.c **** * ADC_1_SaveConfig() to save the hardware configuration.
  64:Generated_Source\PSoC4/ADC_1_PM.c **** * 
  65:Generated_Source\PSoC4/ADC_1_PM.c **** * Call the ADC_1_Sleep() function before calling the 
  66:Generated_Source\PSoC4/ADC_1_PM.c **** * CySysPmDeepSleep() or the CySysPmHibernate() function. See the PSoC Creator 
  67:Generated_Source\PSoC4/ADC_1_PM.c **** * System Reference Guide for more information about power-management functions.
  68:Generated_Source\PSoC4/ADC_1_PM.c **** * 
  69:Generated_Source\PSoC4/ADC_1_PM.c **** * \param None
  70:Generated_Source\PSoC4/ADC_1_PM.c **** * 
  71:Generated_Source\PSoC4/ADC_1_PM.c **** * \return None
  72:Generated_Source\PSoC4/ADC_1_PM.c **** *
  73:Generated_Source\PSoC4/ADC_1_PM.c **** * \sideeffect If this function is called twice in the enable state of the 
  74:Generated_Source\PSoC4/ADC_1_PM.c **** * component, the disabled state of the component will be stored. So 
  75:Generated_Source\PSoC4/ADC_1_PM.c **** * ADC_1_Enable() and ADC_1_StartConvert() must be called 
  76:Generated_Source\PSoC4/ADC_1_PM.c **** * after ADC_1_Wakeup() in this case.
  77:Generated_Source\PSoC4/ADC_1_PM.c **** *
  78:Generated_Source\PSoC4/ADC_1_PM.c **** * <b>Code Snippet</b>
  79:Generated_Source\PSoC4/ADC_1_PM.c **** *  \snippet main.c snippet_ADC_1_Sleep
  80:Generated_Source\PSoC4/ADC_1_PM.c **** *
  81:Generated_Source\PSoC4/ADC_1_PM.c **** * \globalvars
  82:Generated_Source\PSoC4/ADC_1_PM.c **** *  \ref ADC_1_backup (W)
  83:Generated_Source\PSoC4/ADC_1_PM.c **** *
  84:Generated_Source\PSoC4/ADC_1_PM.c **** * \globalvars
  85:Generated_Source\PSoC4/ADC_1_PM.c **** *  \ref ADC_1_backup
  86:Generated_Source\PSoC4/ADC_1_PM.c **** *
  87:Generated_Source\PSoC4/ADC_1_PM.c **** *******************************************************************************/
ARM GAS  C:\Users\nbutts\AppData\Local\Temp\ccpJOgy8.s 			page 3


  88:Generated_Source\PSoC4/ADC_1_PM.c **** void ADC_1_Sleep(void) 
  89:Generated_Source\PSoC4/ADC_1_PM.c **** {
  28              		.loc 1 89 0
  29              		.cfi_startproc
  30              		@ args = 0, pretend = 0, frame = 0
  31              		@ frame_needed = 0, uses_anonymous_args = 0
  32 0000 10B5     		push	{r4, lr}
  33              		.cfi_def_cfa_offset 8
  34              		.cfi_offset 4, -8
  35              		.cfi_offset 14, -4
  90:Generated_Source\PSoC4/ADC_1_PM.c ****     uint32 dftRegVal = (uint32) ADC_1_SAR_DFT_CTRL_REG;
  36              		.loc 1 90 0
  37 0002 1E4B     		ldr	r3, .L7
  38 0004 1B68     		ldr	r3, [r3]
  39              	.LVL0:
  91:Generated_Source\PSoC4/ADC_1_PM.c **** 
  92:Generated_Source\PSoC4/ADC_1_PM.c ****     ADC_1_backup.enableState = 0u;
  40              		.loc 1 92 0
  41 0006 0021     		movs	r1, #0
  42 0008 1D4A     		ldr	r2, .L7+4
  43 000a 1170     		strb	r1, [r2]
  93:Generated_Source\PSoC4/ADC_1_PM.c ****     
  94:Generated_Source\PSoC4/ADC_1_PM.c ****     /* Save nonretention SAR_DFT_CTRL register state. */
  95:Generated_Source\PSoC4/ADC_1_PM.c ****     if((dftRegVal & ADC_1_SAR_DFT_CTRL_DCEN_MSK) != 0u)
  44              		.loc 1 95 0
  45 000c 9A00     		lsls	r2, r3, #2
  46 000e 02D5     		bpl	.L2
  96:Generated_Source\PSoC4/ADC_1_PM.c ****     {
  97:Generated_Source\PSoC4/ADC_1_PM.c ****         ADC_1_backup.enableState |= ADC_1_SLEEP_DFT_DCEN;
  47              		.loc 1 97 0
  48 0010 0831     		adds	r1, r1, #8
  49 0012 1B4A     		ldr	r2, .L7+4
  50 0014 1170     		strb	r1, [r2]
  51              	.L2:
  98:Generated_Source\PSoC4/ADC_1_PM.c ****     }
  99:Generated_Source\PSoC4/ADC_1_PM.c ****     if((dftRegVal & ADC_1_SAR_DFT_CTRL_DLY_INC_MSK) != 0u)
  52              		.loc 1 99 0
  53 0016 DB07     		lsls	r3, r3, #31
  54 0018 04D5     		bpl	.L3
  55              	.LVL1:
 100:Generated_Source\PSoC4/ADC_1_PM.c ****     {
 101:Generated_Source\PSoC4/ADC_1_PM.c ****         ADC_1_backup.enableState |= ADC_1_SLEEP_DFT_DLY_INC;
  56              		.loc 1 101 0
  57 001a 194A     		ldr	r2, .L7+4
  58 001c 1178     		ldrb	r1, [r2]
  59 001e 1023     		movs	r3, #16
  60 0020 0B43     		orrs	r3, r1
  61 0022 1370     		strb	r3, [r2]
  62              	.L3:
 102:Generated_Source\PSoC4/ADC_1_PM.c ****     }
 103:Generated_Source\PSoC4/ADC_1_PM.c ****     
 104:Generated_Source\PSoC4/ADC_1_PM.c ****     /* During deepsleep/ hibernate mode keep SARMUX active, i.e. do not open
 105:Generated_Source\PSoC4/ADC_1_PM.c ****     *   all switches (disconnect), to be used for ADFT
 106:Generated_Source\PSoC4/ADC_1_PM.c ****     */
 107:Generated_Source\PSoC4/ADC_1_PM.c ****     ADC_1_SAR_DFT_CTRL_REG |= ADC_1_SAR_DFT_CTRL_ADFT_OVERRIDE_MSK;
  63              		.loc 1 107 0
  64 0024 154A     		ldr	r2, .L7
ARM GAS  C:\Users\nbutts\AppData\Local\Temp\ccpJOgy8.s 			page 4


  65 0026 1368     		ldr	r3, [r2]
  66 0028 8021     		movs	r1, #128
  67 002a 0906     		lsls	r1, r1, #24
  68 002c 0B43     		orrs	r3, r1
  69 002e 1360     		str	r3, [r2]
 108:Generated_Source\PSoC4/ADC_1_PM.c ****     
 109:Generated_Source\PSoC4/ADC_1_PM.c ****     if((ADC_1_SAR_CTRL_REG  & ADC_1_SAR_CTRL_ENABLED_MSK) != 0u)
  70              		.loc 1 109 0
  71 0030 144B     		ldr	r3, .L7+8
  72 0032 1B68     		ldr	r3, [r3]
  73 0034 002B     		cmp	r3, #0
  74 0036 11DA     		bge	.L4
 110:Generated_Source\PSoC4/ADC_1_PM.c ****     {
 111:Generated_Source\PSoC4/ADC_1_PM.c ****         ADC_1_backup.enableState |= ADC_1_ENABLED;
  75              		.loc 1 111 0
  76 0038 114A     		ldr	r2, .L7+4
  77 003a 1178     		ldrb	r1, [r2]
  78 003c 0123     		movs	r3, #1
  79 003e 0B43     		orrs	r3, r1
  80 0040 DBB2     		uxtb	r3, r3
  81 0042 1370     		strb	r3, [r2]
 112:Generated_Source\PSoC4/ADC_1_PM.c ****         if((ADC_1_SAR_SAMPLE_CTRL_REG & ADC_1_SAR_SAMPLE_CTRL_CONTINUOUS_MSK) != 0u)
  82              		.loc 1 112 0
  83 0044 104A     		ldr	r2, .L7+12
  84 0046 1268     		ldr	r2, [r2]
  85 0048 D203     		lsls	r2, r2, #15
  86 004a 03D5     		bpl	.L5
 113:Generated_Source\PSoC4/ADC_1_PM.c ****         {
 114:Generated_Source\PSoC4/ADC_1_PM.c ****             ADC_1_backup.enableState |= ADC_1_STARTED;
  87              		.loc 1 114 0
  88 004c 0222     		movs	r2, #2
  89 004e 1343     		orrs	r3, r2
  90 0050 0B4A     		ldr	r2, .L7+4
  91 0052 1370     		strb	r3, [r2]
  92              	.L5:
 115:Generated_Source\PSoC4/ADC_1_PM.c ****         }
 116:Generated_Source\PSoC4/ADC_1_PM.c **** 
 117:Generated_Source\PSoC4/ADC_1_PM.c ****         ADC_1_StopConvert();
  93              		.loc 1 117 0
  94 0054 FFF7FEFF 		bl	ADC_1_StopConvert
  95              	.LVL2:
 118:Generated_Source\PSoC4/ADC_1_PM.c ****         ADC_1_Stop();
  96              		.loc 1 118 0
  97 0058 FFF7FEFF 		bl	ADC_1_Stop
  98              	.LVL3:
  99              	.L4:
 119:Generated_Source\PSoC4/ADC_1_PM.c ****     }
 120:Generated_Source\PSoC4/ADC_1_PM.c **** 
 121:Generated_Source\PSoC4/ADC_1_PM.c ****     /* Disable the SAR internal pump before entering the chip low power mode */
 122:Generated_Source\PSoC4/ADC_1_PM.c ****     if((ADC_1_SAR_CTRL_REG & ADC_1_SAR_CTRL_BOOSTPUMP_EN_MSK) != 0u)
 100              		.loc 1 122 0
 101 005c 094B     		ldr	r3, .L7+8
 102 005e 1B68     		ldr	r3, [r3]
 103 0060 DB02     		lsls	r3, r3, #11
 104 0062 09D5     		bpl	.L1
 123:Generated_Source\PSoC4/ADC_1_PM.c ****     {
 124:Generated_Source\PSoC4/ADC_1_PM.c ****         ADC_1_SAR_CTRL_REG &= (uint32)~ADC_1_SAR_CTRL_BOOSTPUMP_EN_MSK;
ARM GAS  C:\Users\nbutts\AppData\Local\Temp\ccpJOgy8.s 			page 5


 105              		.loc 1 124 0
 106 0064 074A     		ldr	r2, .L7+8
 107 0066 1168     		ldr	r1, [r2]
 108 0068 084B     		ldr	r3, .L7+16
 109 006a 0B40     		ands	r3, r1
 110 006c 1360     		str	r3, [r2]
 125:Generated_Source\PSoC4/ADC_1_PM.c ****         ADC_1_backup.enableState |= ADC_1_BOOSTPUMP_ENABLED;
 111              		.loc 1 125 0
 112 006e 044A     		ldr	r2, .L7+4
 113 0070 1178     		ldrb	r1, [r2]
 114 0072 0423     		movs	r3, #4
 115 0074 0B43     		orrs	r3, r1
 116 0076 1370     		strb	r3, [r2]
 117              	.L1:
 126:Generated_Source\PSoC4/ADC_1_PM.c ****     }
 127:Generated_Source\PSoC4/ADC_1_PM.c **** }
 118              		.loc 1 127 0
 119              		@ sp needed
 120 0078 10BD     		pop	{r4, pc}
 121              	.L8:
 122 007a C046     		.align	2
 123              	.L7:
 124 007c 30003A40 		.word	1077542960
 125 0080 00000000 		.word	.LANCHOR0
 126 0084 00003A40 		.word	1077542912
 127 0088 04003A40 		.word	1077542916
 128 008c FFFFEFFF 		.word	-1048577
 129              		.cfi_endproc
 130              	.LFE1:
 131              		.size	ADC_1_Sleep, .-ADC_1_Sleep
 132              		.section	.text.ADC_1_Wakeup,"ax",%progbits
 133              		.align	2
 134              		.global	ADC_1_Wakeup
 135              		.code	16
 136              		.thumb_func
 137              		.type	ADC_1_Wakeup, %function
 138              	ADC_1_Wakeup:
 139              	.LFB2:
 128:Generated_Source\PSoC4/ADC_1_PM.c **** 
 129:Generated_Source\PSoC4/ADC_1_PM.c **** 
 130:Generated_Source\PSoC4/ADC_1_PM.c **** /*******************************************************************************
 131:Generated_Source\PSoC4/ADC_1_PM.c **** * Function Name: ADC_1_Wakeup
 132:Generated_Source\PSoC4/ADC_1_PM.c **** ****************************************************************************//**
 133:Generated_Source\PSoC4/ADC_1_PM.c **** *
 134:Generated_Source\PSoC4/ADC_1_PM.c **** * \brief This is the preferred routine to restore the component to the state when 
 135:Generated_Source\PSoC4/ADC_1_PM.c **** * ADC_1_Sleep() was called. The ADC_1_Wakeup() function 
 136:Generated_Source\PSoC4/ADC_1_PM.c **** * calls the ADC_1_RestoreConfig() function to restore the 
 137:Generated_Source\PSoC4/ADC_1_PM.c **** * configuration. If the component was enabled before the ADC_1_Sleep() 
 138:Generated_Source\PSoC4/ADC_1_PM.c **** * function was called, the ADC_1_Wakeup() function also re-enables the 
 139:Generated_Source\PSoC4/ADC_1_PM.c **** * component.
 140:Generated_Source\PSoC4/ADC_1_PM.c **** *
 141:Generated_Source\PSoC4/ADC_1_PM.c **** * \param None
 142:Generated_Source\PSoC4/ADC_1_PM.c **** * 
 143:Generated_Source\PSoC4/ADC_1_PM.c **** * \return None
 144:Generated_Source\PSoC4/ADC_1_PM.c **** *
 145:Generated_Source\PSoC4/ADC_1_PM.c **** * \sideeffect
 146:Generated_Source\PSoC4/ADC_1_PM.c **** * Calling this function without previously calling ADC_1_Sleep() may lead to 
ARM GAS  C:\Users\nbutts\AppData\Local\Temp\ccpJOgy8.s 			page 6


 147:Generated_Source\PSoC4/ADC_1_PM.c **** * unpredictable results.
 148:Generated_Source\PSoC4/ADC_1_PM.c **** *
 149:Generated_Source\PSoC4/ADC_1_PM.c **** * <b>Code Snippet</b>
 150:Generated_Source\PSoC4/ADC_1_PM.c **** *  \snippet main.c snippet_ADC_1_Wakeup
 151:Generated_Source\PSoC4/ADC_1_PM.c **** *
 152:Generated_Source\PSoC4/ADC_1_PM.c **** * \globalvars
 153:Generated_Source\PSoC4/ADC_1_PM.c **** *  \ref ADC_1_backup (R)
 154:Generated_Source\PSoC4/ADC_1_PM.c **** *
 155:Generated_Source\PSoC4/ADC_1_PM.c **** * \globalvars
 156:Generated_Source\PSoC4/ADC_1_PM.c **** *  \ref ADC_1_backup
 157:Generated_Source\PSoC4/ADC_1_PM.c **** * 
 158:Generated_Source\PSoC4/ADC_1_PM.c **** *******************************************************************************/
 159:Generated_Source\PSoC4/ADC_1_PM.c **** void ADC_1_Wakeup(void)
 160:Generated_Source\PSoC4/ADC_1_PM.c **** {
 140              		.loc 1 160 0
 141              		.cfi_startproc
 142              		@ args = 0, pretend = 0, frame = 0
 143              		@ frame_needed = 0, uses_anonymous_args = 0
 144 0000 10B5     		push	{r4, lr}
 145              		.cfi_def_cfa_offset 8
 146              		.cfi_offset 4, -8
 147              		.cfi_offset 14, -4
 148              	.LVL4:
 161:Generated_Source\PSoC4/ADC_1_PM.c ****     uint32 dftRegVal = (uint32)ADC_1_SAR_DFT_CTRL_HIZ_MSK;
 162:Generated_Source\PSoC4/ADC_1_PM.c ****     
 163:Generated_Source\PSoC4/ADC_1_PM.c ****     /* Restore nonretention SAR_DFT_CTRL register state. */
 164:Generated_Source\PSoC4/ADC_1_PM.c ****     if ((ADC_1_backup.enableState & ADC_1_SLEEP_DFT_DCEN) != 0u)
 149              		.loc 1 164 0
 150 0002 114B     		ldr	r3, .L15
 151 0004 1A78     		ldrb	r2, [r3]
 152 0006 1307     		lsls	r3, r2, #28
 153 0008 01D4     		bmi	.L14
 161:Generated_Source\PSoC4/ADC_1_PM.c ****     uint32 dftRegVal = (uint32)ADC_1_SAR_DFT_CTRL_HIZ_MSK;
 154              		.loc 1 161 0
 155 000a 0223     		movs	r3, #2
 156 000c 00E0     		b	.L10
 157              	.L14:
 165:Generated_Source\PSoC4/ADC_1_PM.c ****     {
 166:Generated_Source\PSoC4/ADC_1_PM.c ****         dftRegVal |= ADC_1_SAR_DFT_CTRL_DCEN_MSK;
 158              		.loc 1 166 0
 159 000e 0F4B     		ldr	r3, .L15+4
 160              	.L10:
 161              	.LVL5:
 167:Generated_Source\PSoC4/ADC_1_PM.c ****     }
 168:Generated_Source\PSoC4/ADC_1_PM.c ****     if ((ADC_1_backup.enableState & ADC_1_SLEEP_DFT_DLY_INC) != 0u)
 162              		.loc 1 168 0
 163 0010 D206     		lsls	r2, r2, #27
 164 0012 01D5     		bpl	.L11
 169:Generated_Source\PSoC4/ADC_1_PM.c ****     {
 170:Generated_Source\PSoC4/ADC_1_PM.c ****         dftRegVal |= ADC_1_SAR_DFT_CTRL_DLY_INC_MSK;
 165              		.loc 1 170 0
 166 0014 0122     		movs	r2, #1
 167 0016 1343     		orrs	r3, r2
 168              	.LVL6:
 169              	.L11:
 171:Generated_Source\PSoC4/ADC_1_PM.c ****     }
 172:Generated_Source\PSoC4/ADC_1_PM.c ****     ADC_1_SAR_DFT_CTRL_REG = dftRegVal;
ARM GAS  C:\Users\nbutts\AppData\Local\Temp\ccpJOgy8.s 			page 7


 170              		.loc 1 172 0
 171 0018 0D4A     		ldr	r2, .L15+8
 172 001a 1360     		str	r3, [r2]
 173:Generated_Source\PSoC4/ADC_1_PM.c ****     
 174:Generated_Source\PSoC4/ADC_1_PM.c ****     if((ADC_1_backup.enableState & ADC_1_ENABLED) != 0u)
 173              		.loc 1 174 0
 174 001c 0A4B     		ldr	r3, .L15
 175              	.LVL7:
 176 001e 1B78     		ldrb	r3, [r3]
 177 0020 DA07     		lsls	r2, r3, #31
 178 0022 0FD5     		bpl	.L9
 179              	.LVL8:
 175:Generated_Source\PSoC4/ADC_1_PM.c ****     {
 176:Generated_Source\PSoC4/ADC_1_PM.c ****         /* Enable the SAR internal pump  */
 177:Generated_Source\PSoC4/ADC_1_PM.c ****         if((ADC_1_backup.enableState & ADC_1_BOOSTPUMP_ENABLED) != 0u)
 180              		.loc 1 177 0
 181 0024 5B07     		lsls	r3, r3, #29
 182 0026 05D5     		bpl	.L13
 178:Generated_Source\PSoC4/ADC_1_PM.c ****         {
 179:Generated_Source\PSoC4/ADC_1_PM.c ****             ADC_1_SAR_CTRL_REG |= ADC_1_SAR_CTRL_BOOSTPUMP_EN_MSK;
 183              		.loc 1 179 0
 184 0028 0A4A     		ldr	r2, .L15+12
 185 002a 1368     		ldr	r3, [r2]
 186 002c 8021     		movs	r1, #128
 187 002e 4903     		lsls	r1, r1, #13
 188 0030 0B43     		orrs	r3, r1
 189 0032 1360     		str	r3, [r2]
 190              	.LVL9:
 191              	.L13:
 180:Generated_Source\PSoC4/ADC_1_PM.c ****         }
 181:Generated_Source\PSoC4/ADC_1_PM.c ****         
 182:Generated_Source\PSoC4/ADC_1_PM.c ****         ADC_1_Enable();
 192              		.loc 1 182 0
 193 0034 FFF7FEFF 		bl	ADC_1_Enable
 194              	.LVL10:
 183:Generated_Source\PSoC4/ADC_1_PM.c ****         
 184:Generated_Source\PSoC4/ADC_1_PM.c ****         if((ADC_1_backup.enableState & ADC_1_STARTED) != 0u)
 195              		.loc 1 184 0
 196 0038 034B     		ldr	r3, .L15
 197 003a 1B78     		ldrb	r3, [r3]
 198 003c 9B07     		lsls	r3, r3, #30
 199 003e 01D5     		bpl	.L9
 185:Generated_Source\PSoC4/ADC_1_PM.c ****         {
 186:Generated_Source\PSoC4/ADC_1_PM.c ****             ADC_1_StartConvert();
 200              		.loc 1 186 0
 201 0040 FFF7FEFF 		bl	ADC_1_StartConvert
 202              	.LVL11:
 203              	.L9:
 187:Generated_Source\PSoC4/ADC_1_PM.c ****         }
 188:Generated_Source\PSoC4/ADC_1_PM.c ****     }
 189:Generated_Source\PSoC4/ADC_1_PM.c **** }
 204              		.loc 1 189 0
 205              		@ sp needed
 206 0044 10BD     		pop	{r4, pc}
 207              	.L16:
 208 0046 C046     		.align	2
 209              	.L15:
ARM GAS  C:\Users\nbutts\AppData\Local\Temp\ccpJOgy8.s 			page 8


 210 0048 00000000 		.word	.LANCHOR0
 211 004c 02000020 		.word	536870914
 212 0050 30003A40 		.word	1077542960
 213 0054 00003A40 		.word	1077542912
 214              		.cfi_endproc
 215              	.LFE2:
 216              		.size	ADC_1_Wakeup, .-ADC_1_Wakeup
 217              		.section	.text.ADC_1_SaveConfig,"ax",%progbits
 218              		.align	2
 219              		.global	ADC_1_SaveConfig
 220              		.code	16
 221              		.thumb_func
 222              		.type	ADC_1_SaveConfig, %function
 223              	ADC_1_SaveConfig:
 224              	.LFB3:
 190:Generated_Source\PSoC4/ADC_1_PM.c **** 
 191:Generated_Source\PSoC4/ADC_1_PM.c **** /* ****************************************************************************
 192:Generated_Source\PSoC4/ADC_1_PM.c **** * Function Name: ADC_1_SaveConfig
 193:Generated_Source\PSoC4/ADC_1_PM.c **** ****************************************************************************//*
 194:Generated_Source\PSoC4/ADC_1_PM.c **** *
 195:Generated_Source\PSoC4/ADC_1_PM.c **** * \brief Saves the current configuration of ADC_1 non-retention registers.
 196:Generated_Source\PSoC4/ADC_1_PM.c **** *
 197:Generated_Source\PSoC4/ADC_1_PM.c **** * \param None
 198:Generated_Source\PSoC4/ADC_1_PM.c **** * 
 199:Generated_Source\PSoC4/ADC_1_PM.c **** * \return None
 200:Generated_Source\PSoC4/ADC_1_PM.c **** * 
 201:Generated_Source\PSoC4/ADC_1_PM.c **** * \sideeffect None
 202:Generated_Source\PSoC4/ADC_1_PM.c **** *
 203:Generated_Source\PSoC4/ADC_1_PM.c **** * <b>Code Snippet</b>
 204:Generated_Source\PSoC4/ADC_1_PM.c **** *  \snippet main.c snippet_ADC_1_SaveConfig
 205:Generated_Source\PSoC4/ADC_1_PM.c **** *
 206:Generated_Source\PSoC4/ADC_1_PM.c **** * 
 207:Generated_Source\PSoC4/ADC_1_PM.c **** *******************************************************************************/
 208:Generated_Source\PSoC4/ADC_1_PM.c **** void ADC_1_SaveConfig(void)
 209:Generated_Source\PSoC4/ADC_1_PM.c **** {
 225              		.loc 1 209 0
 226              		.cfi_startproc
 227              		@ args = 0, pretend = 0, frame = 0
 228              		@ frame_needed = 0, uses_anonymous_args = 0
 229              		@ link register save eliminated.
 210:Generated_Source\PSoC4/ADC_1_PM.c ****      /* All configuration registers are marked as [reset_all_retention] */
 211:Generated_Source\PSoC4/ADC_1_PM.c **** }
 230              		.loc 1 211 0
 231              		@ sp needed
 232 0000 7047     		bx	lr
 233              		.cfi_endproc
 234              	.LFE3:
 235              		.size	ADC_1_SaveConfig, .-ADC_1_SaveConfig
 236 0002 C046     		.section	.text.ADC_1_RestoreConfig,"ax",%progbits
 237              		.align	2
 238              		.global	ADC_1_RestoreConfig
 239              		.code	16
 240              		.thumb_func
 241              		.type	ADC_1_RestoreConfig, %function
 242              	ADC_1_RestoreConfig:
 243              	.LFB4:
 212:Generated_Source\PSoC4/ADC_1_PM.c **** 
ARM GAS  C:\Users\nbutts\AppData\Local\Temp\ccpJOgy8.s 			page 9


 213:Generated_Source\PSoC4/ADC_1_PM.c **** /* ****************************************************************************
 214:Generated_Source\PSoC4/ADC_1_PM.c **** * Function Name: ADC_1_RestoreConfig
 215:Generated_Source\PSoC4/ADC_1_PM.c **** ****************************************************************************//*
 216:Generated_Source\PSoC4/ADC_1_PM.c **** *
 217:Generated_Source\PSoC4/ADC_1_PM.c **** * \brief Restores the configuration of ADC_1 non-retention registers.
 218:Generated_Source\PSoC4/ADC_1_PM.c **** * 
 219:Generated_Source\PSoC4/ADC_1_PM.c **** * \param None
 220:Generated_Source\PSoC4/ADC_1_PM.c **** * 
 221:Generated_Source\PSoC4/ADC_1_PM.c **** * \return None
 222:Generated_Source\PSoC4/ADC_1_PM.c **** *
 223:Generated_Source\PSoC4/ADC_1_PM.c **** * \sideeffect Calling this function without previously calling 
 224:Generated_Source\PSoC4/ADC_1_PM.c **** * ADC_1_SaveConfig() or ADC_1_Sleep will lead to 
 225:Generated_Source\PSoC4/ADC_1_PM.c **** * unpredictable results.
 226:Generated_Source\PSoC4/ADC_1_PM.c **** *
 227:Generated_Source\PSoC4/ADC_1_PM.c **** * <b>Code Snippet</b>
 228:Generated_Source\PSoC4/ADC_1_PM.c **** *  \snippet main.c snippet_ADC_1_RestoreConfig
 229:Generated_Source\PSoC4/ADC_1_PM.c **** *
 230:Generated_Source\PSoC4/ADC_1_PM.c **** * 
 231:Generated_Source\PSoC4/ADC_1_PM.c **** *******************************************************************************/
 232:Generated_Source\PSoC4/ADC_1_PM.c **** void ADC_1_RestoreConfig(void)
 233:Generated_Source\PSoC4/ADC_1_PM.c **** {
 244              		.loc 1 233 0
 245              		.cfi_startproc
 246              		@ args = 0, pretend = 0, frame = 0
 247              		@ frame_needed = 0, uses_anonymous_args = 0
 248              		@ link register save eliminated.
 234:Generated_Source\PSoC4/ADC_1_PM.c ****     /* All configuration registers are marked as [reset_all_retention] */
 235:Generated_Source\PSoC4/ADC_1_PM.c **** }
 249              		.loc 1 235 0
 250              		@ sp needed
 251 0000 7047     		bx	lr
 252              		.cfi_endproc
 253              	.LFE4:
 254              		.size	ADC_1_RestoreConfig, .-ADC_1_RestoreConfig
 255 0002 C046     		.bss
 256              		.align	2
 257              		.set	.LANCHOR0,. + 0
 258              		.type	ADC_1_backup, %object
 259              		.size	ADC_1_backup, 1
 260              	ADC_1_backup:
 261 0000 00       		.space	1
 262              		.text
 263              	.Letext0:
 264              		.file 2 "Generated_Source\\PSoC4\\cytypes.h"
 265              		.file 3 "Generated_Source\\PSoC4\\ADC_1.h"
 266              		.section	.debug_info,"",%progbits
 267              	.Ldebug_info0:
 268 0000 A1010000 		.4byte	0x1a1
 269 0004 0400     		.2byte	0x4
 270 0006 00000000 		.4byte	.Ldebug_abbrev0
 271 000a 04       		.byte	0x4
 272 000b 01       		.uleb128 0x1
 273 000c 65010000 		.4byte	.LASF28
 274 0010 0C       		.byte	0xc
 275 0011 06000000 		.4byte	.LASF29
 276 0015 10020000 		.4byte	.LASF30
 277 0019 00000000 		.4byte	.Ldebug_ranges0+0
ARM GAS  C:\Users\nbutts\AppData\Local\Temp\ccpJOgy8.s 			page 10


 278 001d 00000000 		.4byte	0
 279 0021 00000000 		.4byte	.Ldebug_line0
 280 0025 02       		.uleb128 0x2
 281 0026 01       		.byte	0x1
 282 0027 06       		.byte	0x6
 283 0028 F7010000 		.4byte	.LASF0
 284 002c 02       		.uleb128 0x2
 285 002d 01       		.byte	0x1
 286 002e 08       		.byte	0x8
 287 002f 6B000000 		.4byte	.LASF1
 288 0033 02       		.uleb128 0x2
 289 0034 02       		.byte	0x2
 290 0035 05       		.byte	0x5
 291 0036 41010000 		.4byte	.LASF2
 292 003a 02       		.uleb128 0x2
 293 003b 02       		.byte	0x2
 294 003c 07       		.byte	0x7
 295 003d 28000000 		.4byte	.LASF3
 296 0041 02       		.uleb128 0x2
 297 0042 04       		.byte	0x4
 298 0043 05       		.byte	0x5
 299 0044 4B010000 		.4byte	.LASF4
 300 0048 02       		.uleb128 0x2
 301 0049 04       		.byte	0x4
 302 004a 07       		.byte	0x7
 303 004b 79000000 		.4byte	.LASF5
 304 004f 02       		.uleb128 0x2
 305 0050 08       		.byte	0x8
 306 0051 05       		.byte	0x5
 307 0052 0D010000 		.4byte	.LASF6
 308 0056 02       		.uleb128 0x2
 309 0057 08       		.byte	0x8
 310 0058 07       		.byte	0x7
 311 0059 E3000000 		.4byte	.LASF7
 312 005d 03       		.uleb128 0x3
 313 005e 04       		.byte	0x4
 314 005f 05       		.byte	0x5
 315 0060 696E7400 		.ascii	"int\000"
 316 0064 02       		.uleb128 0x2
 317 0065 04       		.byte	0x4
 318 0066 07       		.byte	0x7
 319 0067 C9000000 		.4byte	.LASF8
 320 006b 04       		.uleb128 0x4
 321 006c 8B000000 		.4byte	.LASF9
 322 0070 02       		.byte	0x2
 323 0071 E401     		.2byte	0x1e4
 324 0073 2C000000 		.4byte	0x2c
 325 0077 04       		.uleb128 0x4
 326 0078 B6000000 		.4byte	.LASF10
 327 007c 02       		.byte	0x2
 328 007d E601     		.2byte	0x1e6
 329 007f 48000000 		.4byte	0x48
 330 0083 02       		.uleb128 0x2
 331 0084 04       		.byte	0x4
 332 0085 04       		.byte	0x4
 333 0086 65000000 		.4byte	.LASF11
 334 008a 02       		.uleb128 0x2
ARM GAS  C:\Users\nbutts\AppData\Local\Temp\ccpJOgy8.s 			page 11


 335 008b 08       		.byte	0x8
 336 008c 04       		.byte	0x4
 337 008d 91000000 		.4byte	.LASF12
 338 0091 02       		.uleb128 0x2
 339 0092 01       		.byte	0x1
 340 0093 08       		.byte	0x8
 341 0094 54010000 		.4byte	.LASF13
 342 0098 04       		.uleb128 0x4
 343 0099 00000000 		.4byte	.LASF14
 344 009d 02       		.byte	0x2
 345 009e 9002     		.2byte	0x290
 346 00a0 A4000000 		.4byte	0xa4
 347 00a4 05       		.uleb128 0x5
 348 00a5 77000000 		.4byte	0x77
 349 00a9 02       		.uleb128 0x2
 350 00aa 08       		.byte	0x8
 351 00ab 04       		.byte	0x4
 352 00ac 59010000 		.4byte	.LASF15
 353 00b0 02       		.uleb128 0x2
 354 00b1 04       		.byte	0x4
 355 00b2 07       		.byte	0x7
 356 00b3 04010000 		.4byte	.LASF16
 357 00b7 06       		.uleb128 0x6
 358 00b8 01       		.byte	0x1
 359 00b9 03       		.byte	0x3
 360 00ba 58       		.byte	0x58
 361 00bb CC000000 		.4byte	0xcc
 362 00bf 07       		.uleb128 0x7
 363 00c0 48000000 		.4byte	.LASF31
 364 00c4 03       		.byte	0x3
 365 00c5 5B       		.byte	0x5b
 366 00c6 6B000000 		.4byte	0x6b
 367 00ca 00       		.byte	0
 368 00cb 00       		.byte	0
 369 00cc 08       		.uleb128 0x8
 370 00cd 1B010000 		.4byte	.LASF17
 371 00d1 03       		.byte	0x3
 372 00d2 5C       		.byte	0x5c
 373 00d3 B7000000 		.4byte	0xb7
 374 00d7 09       		.uleb128 0x9
 375 00d8 BD000000 		.4byte	.LASF18
 376 00dc 01       		.byte	0x1
 377 00dd 58       		.byte	0x58
 378 00de 00000000 		.4byte	.LFB1
 379 00e2 90000000 		.4byte	.LFE1-.LFB1
 380 00e6 01       		.uleb128 0x1
 381 00e7 9C       		.byte	0x9c
 382 00e8 0E010000 		.4byte	0x10e
 383 00ec 0A       		.uleb128 0xa
 384 00ed FA000000 		.4byte	.LASF20
 385 00f1 01       		.byte	0x1
 386 00f2 5A       		.byte	0x5a
 387 00f3 77000000 		.4byte	0x77
 388 00f7 00000000 		.4byte	.LLST0
 389 00fb 0B       		.uleb128 0xb
 390 00fc 58000000 		.4byte	.LVL2
 391 0100 78010000 		.4byte	0x178
ARM GAS  C:\Users\nbutts\AppData\Local\Temp\ccpJOgy8.s 			page 12


 392 0104 0B       		.uleb128 0xb
 393 0105 5C000000 		.4byte	.LVL3
 394 0109 83010000 		.4byte	0x183
 395 010d 00       		.byte	0
 396 010e 09       		.uleb128 0x9
 397 010f 3B000000 		.4byte	.LASF19
 398 0113 01       		.byte	0x1
 399 0114 9F       		.byte	0x9f
 400 0115 00000000 		.4byte	.LFB2
 401 0119 58000000 		.4byte	.LFE2-.LFB2
 402 011d 01       		.uleb128 0x1
 403 011e 9C       		.byte	0x9c
 404 011f 45010000 		.4byte	0x145
 405 0123 0A       		.uleb128 0xa
 406 0124 FA000000 		.4byte	.LASF20
 407 0128 01       		.byte	0x1
 408 0129 A1       		.byte	0xa1
 409 012a 77000000 		.4byte	0x77
 410 012e 13000000 		.4byte	.LLST1
 411 0132 0B       		.uleb128 0xb
 412 0133 38000000 		.4byte	.LVL10
 413 0137 8E010000 		.4byte	0x18e
 414 013b 0B       		.uleb128 0xb
 415 013c 44000000 		.4byte	.LVL11
 416 0140 99010000 		.4byte	0x199
 417 0144 00       		.byte	0
 418 0145 0C       		.uleb128 0xc
 419 0146 54000000 		.4byte	.LASF21
 420 014a 01       		.byte	0x1
 421 014b D0       		.byte	0xd0
 422 014c 00000000 		.4byte	.LFB3
 423 0150 02000000 		.4byte	.LFE3-.LFB3
 424 0154 01       		.uleb128 0x1
 425 0155 9C       		.byte	0x9c
 426 0156 0C       		.uleb128 0xc
 427 0157 41020000 		.4byte	.LASF22
 428 015b 01       		.byte	0x1
 429 015c E8       		.byte	0xe8
 430 015d 00000000 		.4byte	.LFB4
 431 0161 02000000 		.4byte	.LFE4-.LFB4
 432 0165 01       		.uleb128 0x1
 433 0166 9C       		.byte	0x9c
 434 0167 0D       		.uleb128 0xd
 435 0168 03020000 		.4byte	.LASF23
 436 016c 01       		.byte	0x1
 437 016d 31       		.byte	0x31
 438 016e CC000000 		.4byte	0xcc
 439 0172 05       		.uleb128 0x5
 440 0173 03       		.byte	0x3
 441 0174 00000000 		.4byte	ADC_1_backup
 442 0178 0E       		.uleb128 0xe
 443 0179 2F010000 		.4byte	.LASF24
 444 017d 2F010000 		.4byte	.LASF24
 445 0181 03       		.byte	0x3
 446 0182 B5       		.byte	0xb5
 447 0183 0E       		.uleb128 0xe
 448 0184 98000000 		.4byte	.LASF25
ARM GAS  C:\Users\nbutts\AppData\Local\Temp\ccpJOgy8.s 			page 13


 449 0188 98000000 		.4byte	.LASF25
 450 018c 03       		.byte	0x3
 451 018d B3       		.byte	0xb3
 452 018e 0E       		.uleb128 0xe
 453 018f D6000000 		.4byte	.LASF26
 454 0193 D6000000 		.4byte	.LASF26
 455 0197 03       		.byte	0x3
 456 0198 A9       		.byte	0xa9
 457 0199 0E       		.uleb128 0xe
 458 019a A3000000 		.4byte	.LASF27
 459 019e A3000000 		.4byte	.LASF27
 460 01a2 03       		.byte	0x3
 461 01a3 B4       		.byte	0xb4
 462 01a4 00       		.byte	0
 463              		.section	.debug_abbrev,"",%progbits
 464              	.Ldebug_abbrev0:
 465 0000 01       		.uleb128 0x1
 466 0001 11       		.uleb128 0x11
 467 0002 01       		.byte	0x1
 468 0003 25       		.uleb128 0x25
 469 0004 0E       		.uleb128 0xe
 470 0005 13       		.uleb128 0x13
 471 0006 0B       		.uleb128 0xb
 472 0007 03       		.uleb128 0x3
 473 0008 0E       		.uleb128 0xe
 474 0009 1B       		.uleb128 0x1b
 475 000a 0E       		.uleb128 0xe
 476 000b 55       		.uleb128 0x55
 477 000c 17       		.uleb128 0x17
 478 000d 11       		.uleb128 0x11
 479 000e 01       		.uleb128 0x1
 480 000f 10       		.uleb128 0x10
 481 0010 17       		.uleb128 0x17
 482 0011 00       		.byte	0
 483 0012 00       		.byte	0
 484 0013 02       		.uleb128 0x2
 485 0014 24       		.uleb128 0x24
 486 0015 00       		.byte	0
 487 0016 0B       		.uleb128 0xb
 488 0017 0B       		.uleb128 0xb
 489 0018 3E       		.uleb128 0x3e
 490 0019 0B       		.uleb128 0xb
 491 001a 03       		.uleb128 0x3
 492 001b 0E       		.uleb128 0xe
 493 001c 00       		.byte	0
 494 001d 00       		.byte	0
 495 001e 03       		.uleb128 0x3
 496 001f 24       		.uleb128 0x24
 497 0020 00       		.byte	0
 498 0021 0B       		.uleb128 0xb
 499 0022 0B       		.uleb128 0xb
 500 0023 3E       		.uleb128 0x3e
 501 0024 0B       		.uleb128 0xb
 502 0025 03       		.uleb128 0x3
 503 0026 08       		.uleb128 0x8
 504 0027 00       		.byte	0
 505 0028 00       		.byte	0
ARM GAS  C:\Users\nbutts\AppData\Local\Temp\ccpJOgy8.s 			page 14


 506 0029 04       		.uleb128 0x4
 507 002a 16       		.uleb128 0x16
 508 002b 00       		.byte	0
 509 002c 03       		.uleb128 0x3
 510 002d 0E       		.uleb128 0xe
 511 002e 3A       		.uleb128 0x3a
 512 002f 0B       		.uleb128 0xb
 513 0030 3B       		.uleb128 0x3b
 514 0031 05       		.uleb128 0x5
 515 0032 49       		.uleb128 0x49
 516 0033 13       		.uleb128 0x13
 517 0034 00       		.byte	0
 518 0035 00       		.byte	0
 519 0036 05       		.uleb128 0x5
 520 0037 35       		.uleb128 0x35
 521 0038 00       		.byte	0
 522 0039 49       		.uleb128 0x49
 523 003a 13       		.uleb128 0x13
 524 003b 00       		.byte	0
 525 003c 00       		.byte	0
 526 003d 06       		.uleb128 0x6
 527 003e 13       		.uleb128 0x13
 528 003f 01       		.byte	0x1
 529 0040 0B       		.uleb128 0xb
 530 0041 0B       		.uleb128 0xb
 531 0042 3A       		.uleb128 0x3a
 532 0043 0B       		.uleb128 0xb
 533 0044 3B       		.uleb128 0x3b
 534 0045 0B       		.uleb128 0xb
 535 0046 01       		.uleb128 0x1
 536 0047 13       		.uleb128 0x13
 537 0048 00       		.byte	0
 538 0049 00       		.byte	0
 539 004a 07       		.uleb128 0x7
 540 004b 0D       		.uleb128 0xd
 541 004c 00       		.byte	0
 542 004d 03       		.uleb128 0x3
 543 004e 0E       		.uleb128 0xe
 544 004f 3A       		.uleb128 0x3a
 545 0050 0B       		.uleb128 0xb
 546 0051 3B       		.uleb128 0x3b
 547 0052 0B       		.uleb128 0xb
 548 0053 49       		.uleb128 0x49
 549 0054 13       		.uleb128 0x13
 550 0055 38       		.uleb128 0x38
 551 0056 0B       		.uleb128 0xb
 552 0057 00       		.byte	0
 553 0058 00       		.byte	0
 554 0059 08       		.uleb128 0x8
 555 005a 16       		.uleb128 0x16
 556 005b 00       		.byte	0
 557 005c 03       		.uleb128 0x3
 558 005d 0E       		.uleb128 0xe
 559 005e 3A       		.uleb128 0x3a
 560 005f 0B       		.uleb128 0xb
 561 0060 3B       		.uleb128 0x3b
 562 0061 0B       		.uleb128 0xb
ARM GAS  C:\Users\nbutts\AppData\Local\Temp\ccpJOgy8.s 			page 15


 563 0062 49       		.uleb128 0x49
 564 0063 13       		.uleb128 0x13
 565 0064 00       		.byte	0
 566 0065 00       		.byte	0
 567 0066 09       		.uleb128 0x9
 568 0067 2E       		.uleb128 0x2e
 569 0068 01       		.byte	0x1
 570 0069 3F       		.uleb128 0x3f
 571 006a 19       		.uleb128 0x19
 572 006b 03       		.uleb128 0x3
 573 006c 0E       		.uleb128 0xe
 574 006d 3A       		.uleb128 0x3a
 575 006e 0B       		.uleb128 0xb
 576 006f 3B       		.uleb128 0x3b
 577 0070 0B       		.uleb128 0xb
 578 0071 27       		.uleb128 0x27
 579 0072 19       		.uleb128 0x19
 580 0073 11       		.uleb128 0x11
 581 0074 01       		.uleb128 0x1
 582 0075 12       		.uleb128 0x12
 583 0076 06       		.uleb128 0x6
 584 0077 40       		.uleb128 0x40
 585 0078 18       		.uleb128 0x18
 586 0079 9742     		.uleb128 0x2117
 587 007b 19       		.uleb128 0x19
 588 007c 01       		.uleb128 0x1
 589 007d 13       		.uleb128 0x13
 590 007e 00       		.byte	0
 591 007f 00       		.byte	0
 592 0080 0A       		.uleb128 0xa
 593 0081 34       		.uleb128 0x34
 594 0082 00       		.byte	0
 595 0083 03       		.uleb128 0x3
 596 0084 0E       		.uleb128 0xe
 597 0085 3A       		.uleb128 0x3a
 598 0086 0B       		.uleb128 0xb
 599 0087 3B       		.uleb128 0x3b
 600 0088 0B       		.uleb128 0xb
 601 0089 49       		.uleb128 0x49
 602 008a 13       		.uleb128 0x13
 603 008b 02       		.uleb128 0x2
 604 008c 17       		.uleb128 0x17
 605 008d 00       		.byte	0
 606 008e 00       		.byte	0
 607 008f 0B       		.uleb128 0xb
 608 0090 898201   		.uleb128 0x4109
 609 0093 00       		.byte	0
 610 0094 11       		.uleb128 0x11
 611 0095 01       		.uleb128 0x1
 612 0096 31       		.uleb128 0x31
 613 0097 13       		.uleb128 0x13
 614 0098 00       		.byte	0
 615 0099 00       		.byte	0
 616 009a 0C       		.uleb128 0xc
 617 009b 2E       		.uleb128 0x2e
 618 009c 00       		.byte	0
 619 009d 3F       		.uleb128 0x3f
ARM GAS  C:\Users\nbutts\AppData\Local\Temp\ccpJOgy8.s 			page 16


 620 009e 19       		.uleb128 0x19
 621 009f 03       		.uleb128 0x3
 622 00a0 0E       		.uleb128 0xe
 623 00a1 3A       		.uleb128 0x3a
 624 00a2 0B       		.uleb128 0xb
 625 00a3 3B       		.uleb128 0x3b
 626 00a4 0B       		.uleb128 0xb
 627 00a5 27       		.uleb128 0x27
 628 00a6 19       		.uleb128 0x19
 629 00a7 11       		.uleb128 0x11
 630 00a8 01       		.uleb128 0x1
 631 00a9 12       		.uleb128 0x12
 632 00aa 06       		.uleb128 0x6
 633 00ab 40       		.uleb128 0x40
 634 00ac 18       		.uleb128 0x18
 635 00ad 9742     		.uleb128 0x2117
 636 00af 19       		.uleb128 0x19
 637 00b0 00       		.byte	0
 638 00b1 00       		.byte	0
 639 00b2 0D       		.uleb128 0xd
 640 00b3 34       		.uleb128 0x34
 641 00b4 00       		.byte	0
 642 00b5 03       		.uleb128 0x3
 643 00b6 0E       		.uleb128 0xe
 644 00b7 3A       		.uleb128 0x3a
 645 00b8 0B       		.uleb128 0xb
 646 00b9 3B       		.uleb128 0x3b
 647 00ba 0B       		.uleb128 0xb
 648 00bb 49       		.uleb128 0x49
 649 00bc 13       		.uleb128 0x13
 650 00bd 02       		.uleb128 0x2
 651 00be 18       		.uleb128 0x18
 652 00bf 00       		.byte	0
 653 00c0 00       		.byte	0
 654 00c1 0E       		.uleb128 0xe
 655 00c2 2E       		.uleb128 0x2e
 656 00c3 00       		.byte	0
 657 00c4 3F       		.uleb128 0x3f
 658 00c5 19       		.uleb128 0x19
 659 00c6 3C       		.uleb128 0x3c
 660 00c7 19       		.uleb128 0x19
 661 00c8 6E       		.uleb128 0x6e
 662 00c9 0E       		.uleb128 0xe
 663 00ca 03       		.uleb128 0x3
 664 00cb 0E       		.uleb128 0xe
 665 00cc 3A       		.uleb128 0x3a
 666 00cd 0B       		.uleb128 0xb
 667 00ce 3B       		.uleb128 0x3b
 668 00cf 0B       		.uleb128 0xb
 669 00d0 00       		.byte	0
 670 00d1 00       		.byte	0
 671 00d2 00       		.byte	0
 672              		.section	.debug_loc,"",%progbits
 673              	.Ldebug_loc0:
 674              	.LLST0:
 675 0000 06000000 		.4byte	.LVL0
 676 0004 1A000000 		.4byte	.LVL1
ARM GAS  C:\Users\nbutts\AppData\Local\Temp\ccpJOgy8.s 			page 17


 677 0008 0100     		.2byte	0x1
 678 000a 53       		.byte	0x53
 679 000b 00000000 		.4byte	0
 680 000f 00000000 		.4byte	0
 681              	.LLST1:
 682 0013 02000000 		.4byte	.LVL4
 683 0017 10000000 		.4byte	.LVL5
 684 001b 0200     		.2byte	0x2
 685 001d 32       		.byte	0x32
 686 001e 9F       		.byte	0x9f
 687 001f 10000000 		.4byte	.LVL5
 688 0023 1E000000 		.4byte	.LVL7
 689 0027 0100     		.2byte	0x1
 690 0029 53       		.byte	0x53
 691 002a 1E000000 		.4byte	.LVL7
 692 002e 24000000 		.4byte	.LVL8
 693 0032 0200     		.2byte	0x2
 694 0034 72       		.byte	0x72
 695 0035 00       		.sleb128 0
 696 0036 24000000 		.4byte	.LVL8
 697 003a 34000000 		.4byte	.LVL9
 698 003e 0500     		.2byte	0x5
 699 0040 0C       		.byte	0xc
 700 0041 30003A40 		.4byte	0x403a0030
 701 0045 00000000 		.4byte	0
 702 0049 00000000 		.4byte	0
 703              		.section	.debug_aranges,"",%progbits
 704 0000 34000000 		.4byte	0x34
 705 0004 0200     		.2byte	0x2
 706 0006 00000000 		.4byte	.Ldebug_info0
 707 000a 04       		.byte	0x4
 708 000b 00       		.byte	0
 709 000c 0000     		.2byte	0
 710 000e 0000     		.2byte	0
 711 0010 00000000 		.4byte	.LFB1
 712 0014 90000000 		.4byte	.LFE1-.LFB1
 713 0018 00000000 		.4byte	.LFB2
 714 001c 58000000 		.4byte	.LFE2-.LFB2
 715 0020 00000000 		.4byte	.LFB3
 716 0024 02000000 		.4byte	.LFE3-.LFB3
 717 0028 00000000 		.4byte	.LFB4
 718 002c 02000000 		.4byte	.LFE4-.LFB4
 719 0030 00000000 		.4byte	0
 720 0034 00000000 		.4byte	0
 721              		.section	.debug_ranges,"",%progbits
 722              	.Ldebug_ranges0:
 723 0000 00000000 		.4byte	.LFB1
 724 0004 90000000 		.4byte	.LFE1
 725 0008 00000000 		.4byte	.LFB2
 726 000c 58000000 		.4byte	.LFE2
 727 0010 00000000 		.4byte	.LFB3
 728 0014 02000000 		.4byte	.LFE3
 729 0018 00000000 		.4byte	.LFB4
 730 001c 02000000 		.4byte	.LFE4
 731 0020 00000000 		.4byte	0
 732 0024 00000000 		.4byte	0
 733              		.section	.debug_line,"",%progbits
ARM GAS  C:\Users\nbutts\AppData\Local\Temp\ccpJOgy8.s 			page 18


 734              	.Ldebug_line0:
 735 0000 B6000000 		.section	.debug_str,"MS",%progbits,1
 735      02005000 
 735      00000201 
 735      FB0E0D00 
 735      01010101 
 736              	.LASF14:
 737 0000 72656733 		.ascii	"reg32\000"
 737      3200
 738              	.LASF29:
 739 0006 47656E65 		.ascii	"Generated_Source\\PSoC4\\ADC_1_PM.c\000"
 739      72617465 
 739      645F536F 
 739      75726365 
 739      5C50536F 
 740              	.LASF3:
 741 0028 73686F72 		.ascii	"short unsigned int\000"
 741      7420756E 
 741      7369676E 
 741      65642069 
 741      6E7400
 742              	.LASF19:
 743 003b 4144435F 		.ascii	"ADC_1_Wakeup\000"
 743      315F5761 
 743      6B657570 
 743      00
 744              	.LASF31:
 745 0048 656E6162 		.ascii	"enableState\000"
 745      6C655374 
 745      61746500 
 746              	.LASF21:
 747 0054 4144435F 		.ascii	"ADC_1_SaveConfig\000"
 747      315F5361 
 747      7665436F 
 747      6E666967 
 747      00
 748              	.LASF11:
 749 0065 666C6F61 		.ascii	"float\000"
 749      7400
 750              	.LASF1:
 751 006b 756E7369 		.ascii	"unsigned char\000"
 751      676E6564 
 751      20636861 
 751      7200
 752              	.LASF5:
 753 0079 6C6F6E67 		.ascii	"long unsigned int\000"
 753      20756E73 
 753      69676E65 
 753      6420696E 
 753      7400
 754              	.LASF9:
 755 008b 75696E74 		.ascii	"uint8\000"
 755      3800
 756              	.LASF12:
 757 0091 646F7562 		.ascii	"double\000"
 757      6C6500
 758              	.LASF25:
ARM GAS  C:\Users\nbutts\AppData\Local\Temp\ccpJOgy8.s 			page 19


 759 0098 4144435F 		.ascii	"ADC_1_Stop\000"
 759      315F5374 
 759      6F7000
 760              	.LASF27:
 761 00a3 4144435F 		.ascii	"ADC_1_StartConvert\000"
 761      315F5374 
 761      61727443 
 761      6F6E7665 
 761      727400
 762              	.LASF10:
 763 00b6 75696E74 		.ascii	"uint32\000"
 763      333200
 764              	.LASF18:
 765 00bd 4144435F 		.ascii	"ADC_1_Sleep\000"
 765      315F536C 
 765      65657000 
 766              	.LASF8:
 767 00c9 756E7369 		.ascii	"unsigned int\000"
 767      676E6564 
 767      20696E74 
 767      00
 768              	.LASF26:
 769 00d6 4144435F 		.ascii	"ADC_1_Enable\000"
 769      315F456E 
 769      61626C65 
 769      00
 770              	.LASF7:
 771 00e3 6C6F6E67 		.ascii	"long long unsigned int\000"
 771      206C6F6E 
 771      6720756E 
 771      7369676E 
 771      65642069 
 772              	.LASF20:
 773 00fa 64667452 		.ascii	"dftRegVal\000"
 773      65675661 
 773      6C00
 774              	.LASF16:
 775 0104 73697A65 		.ascii	"sizetype\000"
 775      74797065 
 775      00
 776              	.LASF6:
 777 010d 6C6F6E67 		.ascii	"long long int\000"
 777      206C6F6E 
 777      6720696E 
 777      7400
 778              	.LASF17:
 779 011b 4144435F 		.ascii	"ADC_1_BACKUP_STRUCT\000"
 779      315F4241 
 779      434B5550 
 779      5F535452 
 779      55435400 
 780              	.LASF24:
 781 012f 4144435F 		.ascii	"ADC_1_StopConvert\000"
 781      315F5374 
 781      6F70436F 
 781      6E766572 
 781      7400
ARM GAS  C:\Users\nbutts\AppData\Local\Temp\ccpJOgy8.s 			page 20


 782              	.LASF2:
 783 0141 73686F72 		.ascii	"short int\000"
 783      7420696E 
 783      7400
 784              	.LASF4:
 785 014b 6C6F6E67 		.ascii	"long int\000"
 785      20696E74 
 785      00
 786              	.LASF13:
 787 0154 63686172 		.ascii	"char\000"
 787      00
 788              	.LASF15:
 789 0159 6C6F6E67 		.ascii	"long double\000"
 789      20646F75 
 789      626C6500 
 790              	.LASF28:
 791 0165 474E5520 		.ascii	"GNU C11 5.4.1 20160609 (release) [ARM/embedded-5-br"
 791      43313120 
 791      352E342E 
 791      31203230 
 791      31363036 
 792 0198 616E6368 		.ascii	"anch revision 237715] -mcpu=cortex-m0plus -mthumb -"
 792      20726576 
 792      6973696F 
 792      6E203233 
 792      37373135 
 793 01cb 67202D4F 		.ascii	"g -Og -ffunction-sections -ffat-lto-objects\000"
 793      67202D66 
 793      66756E63 
 793      74696F6E 
 793      2D736563 
 794              	.LASF0:
 795 01f7 7369676E 		.ascii	"signed char\000"
 795      65642063 
 795      68617200 
 796              	.LASF23:
 797 0203 4144435F 		.ascii	"ADC_1_backup\000"
 797      315F6261 
 797      636B7570 
 797      00
 798              	.LASF30:
 799 0210 433A5C70 		.ascii	"C:\\projects\\LaserBodyRoll\\Software\\IOBoard.cyds"
 799      726F6A65 
 799      6374735C 
 799      4C617365 
 799      72426F64 
 800 023f 6E00     		.ascii	"n\000"
 801              	.LASF22:
 802 0241 4144435F 		.ascii	"ADC_1_RestoreConfig\000"
 802      315F5265 
 802      73746F72 
 802      65436F6E 
 802      66696700 
 803              		.ident	"GCC: (GNU Tools for ARM Embedded Processors) 5.4.1 20160609 (release) [ARM/embedded-5-bran
