ARM GAS  C:\Users\nbutts\AppData\Local\Temp\ccBvjSYB.s 			page 1


   1              		.syntax unified
   2              		.cpu cortex-m0plus
   3              		.fpu softvfp
   4              		.eabi_attribute 20, 1
   5              		.eabi_attribute 21, 1
   6              		.eabi_attribute 23, 3
   7              		.eabi_attribute 24, 1
   8              		.eabi_attribute 25, 1
   9              		.eabi_attribute 26, 1
  10              		.eabi_attribute 30, 1
  11              		.eabi_attribute 34, 0
  12              		.eabi_attribute 18, 4
  13              		.thumb
  14              		.syntax unified
  15              		.file	"cyfitter_cfg.c"
  16              		.text
  17              	.Ltext0:
  18              		.cfi_sections	.debug_frame
  19              		.section	.psocinit,"ax",%progbits
  20              		.align	2
  21              		.code	16
  22              		.thumb_func
  23              		.type	ClockSetup, %function
  24              	ClockSetup:
  25              	.LFB4:
  26              		.file 1 "Generated_Source\\PSoC4\\cyfitter_cfg.c"
   1:Generated_Source\PSoC4/cyfitter_cfg.c **** 
   2:Generated_Source\PSoC4/cyfitter_cfg.c **** /*******************************************************************************
   3:Generated_Source\PSoC4/cyfitter_cfg.c **** * File Name: cyfitter_cfg.c
   4:Generated_Source\PSoC4/cyfitter_cfg.c **** * 
   5:Generated_Source\PSoC4/cyfitter_cfg.c **** * PSoC Creator  4.2
   6:Generated_Source\PSoC4/cyfitter_cfg.c **** *
   7:Generated_Source\PSoC4/cyfitter_cfg.c **** * Description:
   8:Generated_Source\PSoC4/cyfitter_cfg.c **** * This file contains device initialization code.
   9:Generated_Source\PSoC4/cyfitter_cfg.c **** * Except for the user defined sections in CyClockStartupError(), this file should not be modified.
  10:Generated_Source\PSoC4/cyfitter_cfg.c **** * This file is automatically generated by PSoC Creator.
  11:Generated_Source\PSoC4/cyfitter_cfg.c **** *
  12:Generated_Source\PSoC4/cyfitter_cfg.c **** ********************************************************************************
  13:Generated_Source\PSoC4/cyfitter_cfg.c **** * Copyright (c) 2007-2017 Cypress Semiconductor.  All rights reserved.
  14:Generated_Source\PSoC4/cyfitter_cfg.c **** * You may use this file only in accordance with the license, terms, conditions, 
  15:Generated_Source\PSoC4/cyfitter_cfg.c **** * disclaimers, and limitations in the end user license agreement accompanying 
  16:Generated_Source\PSoC4/cyfitter_cfg.c **** * the software package with which this file was provided.
  17:Generated_Source\PSoC4/cyfitter_cfg.c **** ********************************************************************************/
  18:Generated_Source\PSoC4/cyfitter_cfg.c **** 
  19:Generated_Source\PSoC4/cyfitter_cfg.c **** #include <string.h>
  20:Generated_Source\PSoC4/cyfitter_cfg.c **** #include "cytypes.h"
  21:Generated_Source\PSoC4/cyfitter_cfg.c **** #include "cydevice_trm.h"
  22:Generated_Source\PSoC4/cyfitter_cfg.c **** #include "cyfitter.h"
  23:Generated_Source\PSoC4/cyfitter_cfg.c **** #include "CyLib.h"
  24:Generated_Source\PSoC4/cyfitter_cfg.c **** #include "CyLFClk.h"
  25:Generated_Source\PSoC4/cyfitter_cfg.c **** #include "cyfitter_cfg.h"
  26:Generated_Source\PSoC4/cyfitter_cfg.c **** #include "cyapicallbacks.h"
  27:Generated_Source\PSoC4/cyfitter_cfg.c **** 
  28:Generated_Source\PSoC4/cyfitter_cfg.c **** 
  29:Generated_Source\PSoC4/cyfitter_cfg.c **** #if defined(__GNUC__) || defined(__ARMCC_VERSION)
  30:Generated_Source\PSoC4/cyfitter_cfg.c ****     #define CYPACKED 
  31:Generated_Source\PSoC4/cyfitter_cfg.c ****     #define CYPACKED_ATTR __attribute__ ((packed))
ARM GAS  C:\Users\nbutts\AppData\Local\Temp\ccBvjSYB.s 			page 2


  32:Generated_Source\PSoC4/cyfitter_cfg.c ****     #define CYALIGNED __attribute__ ((aligned))
  33:Generated_Source\PSoC4/cyfitter_cfg.c ****     #define CY_CFG_UNUSED __attribute__ ((unused))
  34:Generated_Source\PSoC4/cyfitter_cfg.c ****     #ifndef CY_CFG_SECTION
  35:Generated_Source\PSoC4/cyfitter_cfg.c ****         #define CY_CFG_SECTION __attribute__ ((section(".psocinit")))
  36:Generated_Source\PSoC4/cyfitter_cfg.c ****     #endif
  37:Generated_Source\PSoC4/cyfitter_cfg.c ****     
  38:Generated_Source\PSoC4/cyfitter_cfg.c ****     #if defined(__ARMCC_VERSION)
  39:Generated_Source\PSoC4/cyfitter_cfg.c ****         #define CY_CFG_MEMORY_BARRIER() __memory_changed()
  40:Generated_Source\PSoC4/cyfitter_cfg.c ****     #else
  41:Generated_Source\PSoC4/cyfitter_cfg.c ****         #define CY_CFG_MEMORY_BARRIER() __sync_synchronize()
  42:Generated_Source\PSoC4/cyfitter_cfg.c ****     #endif
  43:Generated_Source\PSoC4/cyfitter_cfg.c ****     
  44:Generated_Source\PSoC4/cyfitter_cfg.c **** #elif defined(__ICCARM__)
  45:Generated_Source\PSoC4/cyfitter_cfg.c ****     #include <intrinsics.h>
  46:Generated_Source\PSoC4/cyfitter_cfg.c **** 
  47:Generated_Source\PSoC4/cyfitter_cfg.c ****     #define CYPACKED __packed
  48:Generated_Source\PSoC4/cyfitter_cfg.c ****     #define CYPACKED_ATTR 
  49:Generated_Source\PSoC4/cyfitter_cfg.c ****     #define CYALIGNED _Pragma("data_alignment=4")
  50:Generated_Source\PSoC4/cyfitter_cfg.c ****     #define CY_CFG_UNUSED _Pragma("diag_suppress=Pe177")
  51:Generated_Source\PSoC4/cyfitter_cfg.c ****     #define CY_CFG_SECTION _Pragma("location=\".psocinit\"")
  52:Generated_Source\PSoC4/cyfitter_cfg.c ****     
  53:Generated_Source\PSoC4/cyfitter_cfg.c ****     #define CY_CFG_MEMORY_BARRIER() __DMB()
  54:Generated_Source\PSoC4/cyfitter_cfg.c ****     
  55:Generated_Source\PSoC4/cyfitter_cfg.c **** #else
  56:Generated_Source\PSoC4/cyfitter_cfg.c ****     #error Unsupported toolchain
  57:Generated_Source\PSoC4/cyfitter_cfg.c **** #endif
  58:Generated_Source\PSoC4/cyfitter_cfg.c **** 
  59:Generated_Source\PSoC4/cyfitter_cfg.c **** #ifndef CYCODE
  60:Generated_Source\PSoC4/cyfitter_cfg.c ****     #define CYCODE
  61:Generated_Source\PSoC4/cyfitter_cfg.c **** #endif
  62:Generated_Source\PSoC4/cyfitter_cfg.c **** #ifndef CYDATA
  63:Generated_Source\PSoC4/cyfitter_cfg.c ****     #define CYDATA
  64:Generated_Source\PSoC4/cyfitter_cfg.c **** #endif
  65:Generated_Source\PSoC4/cyfitter_cfg.c **** #ifndef CYFAR
  66:Generated_Source\PSoC4/cyfitter_cfg.c ****     #define CYFAR
  67:Generated_Source\PSoC4/cyfitter_cfg.c **** #endif
  68:Generated_Source\PSoC4/cyfitter_cfg.c **** #ifndef CYXDATA
  69:Generated_Source\PSoC4/cyfitter_cfg.c ****     #define CYXDATA
  70:Generated_Source\PSoC4/cyfitter_cfg.c **** #endif
  71:Generated_Source\PSoC4/cyfitter_cfg.c **** 
  72:Generated_Source\PSoC4/cyfitter_cfg.c **** 
  73:Generated_Source\PSoC4/cyfitter_cfg.c **** CY_CFG_UNUSED
  74:Generated_Source\PSoC4/cyfitter_cfg.c **** static void CYMEMZERO(void *s, size_t n);
  75:Generated_Source\PSoC4/cyfitter_cfg.c **** CY_CFG_UNUSED
  76:Generated_Source\PSoC4/cyfitter_cfg.c **** static void CYMEMZERO(void *s, size_t n)
  77:Generated_Source\PSoC4/cyfitter_cfg.c **** {
  78:Generated_Source\PSoC4/cyfitter_cfg.c **** 	(void)memset(s, 0, n);
  79:Generated_Source\PSoC4/cyfitter_cfg.c **** }
  80:Generated_Source\PSoC4/cyfitter_cfg.c **** CY_CFG_UNUSED
  81:Generated_Source\PSoC4/cyfitter_cfg.c **** static void CYCONFIGCPY(void *dest, const void *src, size_t n);
  82:Generated_Source\PSoC4/cyfitter_cfg.c **** CY_CFG_UNUSED
  83:Generated_Source\PSoC4/cyfitter_cfg.c **** static void CYCONFIGCPY(void *dest, const void *src, size_t n)
  84:Generated_Source\PSoC4/cyfitter_cfg.c **** {
  85:Generated_Source\PSoC4/cyfitter_cfg.c **** 	(void)memcpy(dest, src, n);
  86:Generated_Source\PSoC4/cyfitter_cfg.c **** }
  87:Generated_Source\PSoC4/cyfitter_cfg.c **** CY_CFG_UNUSED
  88:Generated_Source\PSoC4/cyfitter_cfg.c **** static void CYCONFIGCPYCODE(void *dest, const void *src, size_t n);
ARM GAS  C:\Users\nbutts\AppData\Local\Temp\ccBvjSYB.s 			page 3


  89:Generated_Source\PSoC4/cyfitter_cfg.c **** CY_CFG_UNUSED
  90:Generated_Source\PSoC4/cyfitter_cfg.c **** static void CYCONFIGCPYCODE(void *dest, const void *src, size_t n)
  91:Generated_Source\PSoC4/cyfitter_cfg.c **** {
  92:Generated_Source\PSoC4/cyfitter_cfg.c **** 	(void)memcpy(dest, src, n);
  93:Generated_Source\PSoC4/cyfitter_cfg.c **** }
  94:Generated_Source\PSoC4/cyfitter_cfg.c **** 
  95:Generated_Source\PSoC4/cyfitter_cfg.c **** 
  96:Generated_Source\PSoC4/cyfitter_cfg.c **** 
  97:Generated_Source\PSoC4/cyfitter_cfg.c **** 
  98:Generated_Source\PSoC4/cyfitter_cfg.c **** /* Clock startup error codes                                                   */
  99:Generated_Source\PSoC4/cyfitter_cfg.c **** #define CYCLOCKSTART_NO_ERROR    0u
 100:Generated_Source\PSoC4/cyfitter_cfg.c **** #define CYCLOCKSTART_XTAL_ERROR  1u
 101:Generated_Source\PSoC4/cyfitter_cfg.c **** #define CYCLOCKSTART_32KHZ_ERROR 2u
 102:Generated_Source\PSoC4/cyfitter_cfg.c **** #define CYCLOCKSTART_PLL_ERROR   3u
 103:Generated_Source\PSoC4/cyfitter_cfg.c **** #define CYCLOCKSTART_FLL_ERROR   4u
 104:Generated_Source\PSoC4/cyfitter_cfg.c **** 
 105:Generated_Source\PSoC4/cyfitter_cfg.c **** 
 106:Generated_Source\PSoC4/cyfitter_cfg.c **** #ifdef CY_NEED_CYCLOCKSTARTUPERROR
 107:Generated_Source\PSoC4/cyfitter_cfg.c **** /*******************************************************************************
 108:Generated_Source\PSoC4/cyfitter_cfg.c **** * Function Name: CyClockStartupError
 109:Generated_Source\PSoC4/cyfitter_cfg.c **** ********************************************************************************
 110:Generated_Source\PSoC4/cyfitter_cfg.c **** * Summary:
 111:Generated_Source\PSoC4/cyfitter_cfg.c **** *  If an error is encountered during clock configuration (crystal startup error,
 112:Generated_Source\PSoC4/cyfitter_cfg.c **** *  PLL lock error, etc.), the system will end up here.  Unless reimplemented by
 113:Generated_Source\PSoC4/cyfitter_cfg.c **** *  the customer, this function will stop in an infinite loop.
 114:Generated_Source\PSoC4/cyfitter_cfg.c **** *
 115:Generated_Source\PSoC4/cyfitter_cfg.c **** * Parameters:
 116:Generated_Source\PSoC4/cyfitter_cfg.c **** *   void
 117:Generated_Source\PSoC4/cyfitter_cfg.c **** *
 118:Generated_Source\PSoC4/cyfitter_cfg.c **** * Return:
 119:Generated_Source\PSoC4/cyfitter_cfg.c **** *   void
 120:Generated_Source\PSoC4/cyfitter_cfg.c **** *
 121:Generated_Source\PSoC4/cyfitter_cfg.c **** *******************************************************************************/
 122:Generated_Source\PSoC4/cyfitter_cfg.c **** CY_CFG_UNUSED
 123:Generated_Source\PSoC4/cyfitter_cfg.c **** static void CyClockStartupError(uint8 errorCode);
 124:Generated_Source\PSoC4/cyfitter_cfg.c **** CY_CFG_UNUSED
 125:Generated_Source\PSoC4/cyfitter_cfg.c **** static void CyClockStartupError(uint8 errorCode)
 126:Generated_Source\PSoC4/cyfitter_cfg.c **** {
 127:Generated_Source\PSoC4/cyfitter_cfg.c ****     /* To remove the compiler warning if errorCode not used.                */
 128:Generated_Source\PSoC4/cyfitter_cfg.c ****     errorCode = errorCode;
 129:Generated_Source\PSoC4/cyfitter_cfg.c **** 
 130:Generated_Source\PSoC4/cyfitter_cfg.c ****     /* If we have a clock startup error (bad MHz crystal, PLL lock, etc.),  */
 131:Generated_Source\PSoC4/cyfitter_cfg.c ****     /* we will end up here to allow the customer to implement something to  */
 132:Generated_Source\PSoC4/cyfitter_cfg.c ****     /* deal with the clock condition.                                       */
 133:Generated_Source\PSoC4/cyfitter_cfg.c **** 
 134:Generated_Source\PSoC4/cyfitter_cfg.c **** #ifdef CY_CFG_CLOCK_STARTUP_ERROR_CALLBACK
 135:Generated_Source\PSoC4/cyfitter_cfg.c ****     CY_CFG_Clock_Startup_ErrorCallback();
 136:Generated_Source\PSoC4/cyfitter_cfg.c **** #else
 137:Generated_Source\PSoC4/cyfitter_cfg.c ****     /*  If not using CY_CFG_CLOCK_STARTUP_ERROR_CALLBACK, place your clock startup code here. */
 138:Generated_Source\PSoC4/cyfitter_cfg.c ****     /* `#START CyClockStartupError` */
 139:Generated_Source\PSoC4/cyfitter_cfg.c **** 
 140:Generated_Source\PSoC4/cyfitter_cfg.c **** 
 141:Generated_Source\PSoC4/cyfitter_cfg.c **** 
 142:Generated_Source\PSoC4/cyfitter_cfg.c ****     /* `#END` */
 143:Generated_Source\PSoC4/cyfitter_cfg.c **** 
 144:Generated_Source\PSoC4/cyfitter_cfg.c ****     while(1) {}
 145:Generated_Source\PSoC4/cyfitter_cfg.c **** #endif /* CY_CFG_CLOCK_STARTUP_ERROR_CALLBACK */
ARM GAS  C:\Users\nbutts\AppData\Local\Temp\ccBvjSYB.s 			page 4


 146:Generated_Source\PSoC4/cyfitter_cfg.c **** }
 147:Generated_Source\PSoC4/cyfitter_cfg.c **** #endif
 148:Generated_Source\PSoC4/cyfitter_cfg.c **** 
 149:Generated_Source\PSoC4/cyfitter_cfg.c **** 
 150:Generated_Source\PSoC4/cyfitter_cfg.c **** 
 151:Generated_Source\PSoC4/cyfitter_cfg.c **** /*******************************************************************************
 152:Generated_Source\PSoC4/cyfitter_cfg.c **** * Function Name: ClockSetup
 153:Generated_Source\PSoC4/cyfitter_cfg.c **** ********************************************************************************
 154:Generated_Source\PSoC4/cyfitter_cfg.c **** *
 155:Generated_Source\PSoC4/cyfitter_cfg.c **** * Summary:
 156:Generated_Source\PSoC4/cyfitter_cfg.c **** *   Performs the initialization of all of the clocks in the device based on the
 157:Generated_Source\PSoC4/cyfitter_cfg.c **** *   settings in the Clock tab of the DWR.  This includes enabling the requested
 158:Generated_Source\PSoC4/cyfitter_cfg.c **** *   clocks and setting the necessary dividers to produce the desired frequency. 
 159:Generated_Source\PSoC4/cyfitter_cfg.c **** *
 160:Generated_Source\PSoC4/cyfitter_cfg.c **** * Parameters:
 161:Generated_Source\PSoC4/cyfitter_cfg.c **** *   void
 162:Generated_Source\PSoC4/cyfitter_cfg.c **** *
 163:Generated_Source\PSoC4/cyfitter_cfg.c **** * Return:
 164:Generated_Source\PSoC4/cyfitter_cfg.c **** *   void
 165:Generated_Source\PSoC4/cyfitter_cfg.c **** *
 166:Generated_Source\PSoC4/cyfitter_cfg.c **** *******************************************************************************/
 167:Generated_Source\PSoC4/cyfitter_cfg.c **** static void ClockSetup(void);
 168:Generated_Source\PSoC4/cyfitter_cfg.c **** CY_CFG_SECTION
 169:Generated_Source\PSoC4/cyfitter_cfg.c **** static void ClockSetup(void)
 170:Generated_Source\PSoC4/cyfitter_cfg.c **** {
  27              		.loc 1 170 0
  28              		.cfi_startproc
  29              		@ args = 0, pretend = 0, frame = 0
  30              		@ frame_needed = 0, uses_anonymous_args = 0
  31 0000 10B5     		push	{r4, lr}
  32              		.cfi_def_cfa_offset 8
  33              		.cfi_offset 4, -8
  34              		.cfi_offset 14, -4
 171:Generated_Source\PSoC4/cyfitter_cfg.c **** 
 172:Generated_Source\PSoC4/cyfitter_cfg.c **** 	/* Set Flash Cycles based on max possible frequency in case a glitch occurs during ClockSetup(). *
 173:Generated_Source\PSoC4/cyfitter_cfg.c **** 	CY_SET_REG32((void CYXDATA *)(CYREG_CPUSS_FLASH_CTL), (0x0012u));
  35              		.loc 1 173 0
  36 0002 1222     		movs	r2, #18
  37 0004 2D4B     		ldr	r3, .L2
  38 0006 1A60     		str	r2, [r3]
 174:Generated_Source\PSoC4/cyfitter_cfg.c **** 	/* Update IMO to new clock speed. */
 175:Generated_Source\PSoC4/cyfitter_cfg.c **** 	CySysClkWriteImoFreq(48u);
  39              		.loc 1 175 0
  40 0008 3020     		movs	r0, #48
  41 000a FFF7FEFF 		bl	CySysClkWriteImoFreq
  42              	.LVL0:
 176:Generated_Source\PSoC4/cyfitter_cfg.c **** 
 177:Generated_Source\PSoC4/cyfitter_cfg.c **** 	/* Setup phase aligned clocks */
 178:Generated_Source\PSoC4/cyfitter_cfg.c **** 	CY_SET_REG32((void *)CYREG_PERI_DIV_16_CTL0, 0x00000100u);
  43              		.loc 1 178 0
  44 000e 8022     		movs	r2, #128
  45 0010 5200     		lsls	r2, r2, #1
  46 0012 2B4B     		ldr	r3, .L2+4
  47 0014 1A60     		str	r2, [r3]
 179:Generated_Source\PSoC4/cyfitter_cfg.c **** 	CY_SET_REG32((void *)CYREG_PERI_DIV_CMD, 0x8000FF40u);
  48              		.loc 1 179 0
  49 0016 8023     		movs	r3, #128
ARM GAS  C:\Users\nbutts\AppData\Local\Temp\ccBvjSYB.s 			page 5


  50 0018 DB05     		lsls	r3, r3, #23
  51 001a 2A4A     		ldr	r2, .L2+8
  52 001c 1A60     		str	r2, [r3]
 180:Generated_Source\PSoC4/cyfitter_cfg.c **** 	CY_SET_REG32((void *)CYREG_PERI_DIV_16_CTL6, 0x0000BF00u);
  53              		.loc 1 180 0
  54 001e BF22     		movs	r2, #191
  55 0020 1202     		lsls	r2, r2, #8
  56 0022 2949     		ldr	r1, .L2+12
  57 0024 0A60     		str	r2, [r1]
 181:Generated_Source\PSoC4/cyfitter_cfg.c **** 	CY_SET_REG32((void *)CYREG_PERI_DIV_CMD, 0x8000FF46u);
  58              		.loc 1 181 0
  59 0026 2949     		ldr	r1, .L2+16
  60 0028 1960     		str	r1, [r3]
 182:Generated_Source\PSoC4/cyfitter_cfg.c **** 	CY_SET_REG32((void *)CYREG_PERI_DIV_16_5_CTL0, 0x0000BF00u);
  61              		.loc 1 182 0
  62 002a 2949     		ldr	r1, .L2+20
  63 002c 0A60     		str	r2, [r1]
 183:Generated_Source\PSoC4/cyfitter_cfg.c **** 	CY_SET_REG32((void *)CYREG_PERI_DIV_CMD, 0x8000FF80u);
  64              		.loc 1 183 0
  65 002e 294A     		ldr	r2, .L2+24
  66 0030 1A60     		str	r2, [r3]
 184:Generated_Source\PSoC4/cyfitter_cfg.c **** 	CY_SET_REG32((void *)CYREG_PERI_DIV_16_CTL4, 0x00000300u);
  67              		.loc 1 184 0
  68 0032 C022     		movs	r2, #192
  69 0034 9200     		lsls	r2, r2, #2
  70 0036 2849     		ldr	r1, .L2+28
  71 0038 0A60     		str	r2, [r1]
 185:Generated_Source\PSoC4/cyfitter_cfg.c **** 	CY_SET_REG32((void *)CYREG_PERI_DIV_CMD, 0x8000FF44u);
  72              		.loc 1 185 0
  73 003a 2849     		ldr	r1, .L2+32
  74 003c 1960     		str	r1, [r3]
 186:Generated_Source\PSoC4/cyfitter_cfg.c **** 	CY_SET_REG32((void *)CYREG_PERI_DIV_16_CTL3, 0x00000300u);
  75              		.loc 1 186 0
  76 003e 2849     		ldr	r1, .L2+36
  77 0040 0A60     		str	r2, [r1]
 187:Generated_Source\PSoC4/cyfitter_cfg.c **** 	CY_SET_REG32((void *)CYREG_PERI_DIV_CMD, 0x8000FF43u);
  78              		.loc 1 187 0
  79 0042 2849     		ldr	r1, .L2+40
  80 0044 1960     		str	r1, [r3]
 188:Generated_Source\PSoC4/cyfitter_cfg.c **** 	CY_SET_REG32((void *)CYREG_PERI_DIV_16_CTL2, 0x00000300u);
  81              		.loc 1 188 0
  82 0046 2849     		ldr	r1, .L2+44
  83 0048 0A60     		str	r2, [r1]
 189:Generated_Source\PSoC4/cyfitter_cfg.c **** 	CY_SET_REG32((void *)CYREG_PERI_DIV_CMD, 0x8000FF42u);
  84              		.loc 1 189 0
  85 004a 284A     		ldr	r2, .L2+48
  86 004c 1A60     		str	r2, [r3]
 190:Generated_Source\PSoC4/cyfitter_cfg.c **** 	CY_SET_REG32((void *)CYREG_PERI_DIV_16_CTL1, 0x00000200u);
  87              		.loc 1 190 0
  88 004e 8021     		movs	r1, #128
  89 0050 8900     		lsls	r1, r1, #2
  90 0052 274A     		ldr	r2, .L2+52
  91 0054 1160     		str	r1, [r2]
 191:Generated_Source\PSoC4/cyfitter_cfg.c **** 	CY_SET_REG32((void *)CYREG_PERI_DIV_CMD, 0x8000FF41u);
  92              		.loc 1 191 0
  93 0056 274A     		ldr	r2, .L2+56
  94 0058 1A60     		str	r2, [r3]
ARM GAS  C:\Users\nbutts\AppData\Local\Temp\ccBvjSYB.s 			page 6


 192:Generated_Source\PSoC4/cyfitter_cfg.c **** 	CY_SET_REG32((void *)CYREG_PERI_DIV_16_CTL5, 0x00000500u);
  95              		.loc 1 192 0
  96 005a A021     		movs	r1, #160
  97 005c C900     		lsls	r1, r1, #3
  98 005e 264A     		ldr	r2, .L2+60
  99 0060 1160     		str	r1, [r2]
 193:Generated_Source\PSoC4/cyfitter_cfg.c **** 	CY_SET_REG32((void *)CYREG_PERI_DIV_CMD, 0x8000FF45u);
 100              		.loc 1 193 0
 101 0062 264A     		ldr	r2, .L2+64
 102 0064 1A60     		str	r2, [r3]
 194:Generated_Source\PSoC4/cyfitter_cfg.c **** 
 195:Generated_Source\PSoC4/cyfitter_cfg.c **** 	/* CYDEV_CLK_SELECT Starting address: CYDEV_CLK_SELECT */
 196:Generated_Source\PSoC4/cyfitter_cfg.c **** 	CY_SET_REG32((void *)(CYREG_CLK_SELECT), 0x00000020u);
 103              		.loc 1 196 0
 104 0066 2022     		movs	r2, #32
 105 0068 254B     		ldr	r3, .L2+68
 106 006a 1A60     		str	r2, [r3]
 197:Generated_Source\PSoC4/cyfitter_cfg.c **** 
 198:Generated_Source\PSoC4/cyfitter_cfg.c **** 	/* CYDEV_PERI_PCLK_CTL14 Starting address: CYDEV_PERI_PCLK_CTL14 */
 199:Generated_Source\PSoC4/cyfitter_cfg.c **** 	CY_SET_REG32((void *)(CYREG_PERI_PCLK_CTL14), 0x00000046u);
 107              		.loc 1 199 0
 108 006c 2632     		adds	r2, r2, #38
 109 006e 254B     		ldr	r3, .L2+72
 110 0070 1A60     		str	r2, [r3]
 200:Generated_Source\PSoC4/cyfitter_cfg.c **** 
 201:Generated_Source\PSoC4/cyfitter_cfg.c **** 	/* CYDEV_PERI_PCLK_CTL13 Starting address: CYDEV_PERI_PCLK_CTL13 */
 202:Generated_Source\PSoC4/cyfitter_cfg.c **** 	CY_SET_REG32((void *)(CYREG_PERI_PCLK_CTL13), 0x00000080u);
 111              		.loc 1 202 0
 112 0072 3A32     		adds	r2, r2, #58
 113 0074 244B     		ldr	r3, .L2+76
 114 0076 1A60     		str	r2, [r3]
 203:Generated_Source\PSoC4/cyfitter_cfg.c **** 
 204:Generated_Source\PSoC4/cyfitter_cfg.c **** 	/* CYDEV_PERI_PCLK_CTL12 Starting address: CYDEV_PERI_PCLK_CTL12 */
 205:Generated_Source\PSoC4/cyfitter_cfg.c **** 	CY_SET_REG32((void *)(CYREG_PERI_PCLK_CTL12), 0x00000044u);
 115              		.loc 1 205 0
 116 0078 3C3A     		subs	r2, r2, #60
 117 007a 244B     		ldr	r3, .L2+80
 118 007c 1A60     		str	r2, [r3]
 206:Generated_Source\PSoC4/cyfitter_cfg.c **** 
 207:Generated_Source\PSoC4/cyfitter_cfg.c **** 	/* CYDEV_PERI_PCLK_CTL7 Starting address: CYDEV_PERI_PCLK_CTL7 */
 208:Generated_Source\PSoC4/cyfitter_cfg.c **** 	CY_SET_REG32((void *)(CYREG_PERI_PCLK_CTL7), 0x00000043u);
 119              		.loc 1 208 0
 120 007e 013A     		subs	r2, r2, #1
 121 0080 234B     		ldr	r3, .L2+84
 122 0082 1A60     		str	r2, [r3]
 209:Generated_Source\PSoC4/cyfitter_cfg.c **** 
 210:Generated_Source\PSoC4/cyfitter_cfg.c **** 	/* CYDEV_PERI_PCLK_CTL6 Starting address: CYDEV_PERI_PCLK_CTL6 */
 211:Generated_Source\PSoC4/cyfitter_cfg.c **** 	CY_SET_REG32((void *)(CYREG_PERI_PCLK_CTL6), 0x00000042u);
 123              		.loc 1 211 0
 124 0084 4223     		movs	r3, #66
 125 0086 2349     		ldr	r1, .L2+88
 126 0088 0B60     		str	r3, [r1]
 212:Generated_Source\PSoC4/cyfitter_cfg.c **** 
 213:Generated_Source\PSoC4/cyfitter_cfg.c **** 	/* CYDEV_PERI_PCLK_CTL5 Starting address: CYDEV_PERI_PCLK_CTL5 */
 214:Generated_Source\PSoC4/cyfitter_cfg.c **** 	CY_SET_REG32((void *)(CYREG_PERI_PCLK_CTL5), 0x00000043u);
 127              		.loc 1 214 0
 128 008a 2349     		ldr	r1, .L2+92
ARM GAS  C:\Users\nbutts\AppData\Local\Temp\ccBvjSYB.s 			page 7


 129 008c 0A60     		str	r2, [r1]
 215:Generated_Source\PSoC4/cyfitter_cfg.c **** 
 216:Generated_Source\PSoC4/cyfitter_cfg.c **** 	/* CYDEV_PERI_PCLK_CTL4 Starting address: CYDEV_PERI_PCLK_CTL4 */
 217:Generated_Source\PSoC4/cyfitter_cfg.c **** 	CY_SET_REG32((void *)(CYREG_PERI_PCLK_CTL4), 0x00000042u);
 130              		.loc 1 217 0
 131 008e 234A     		ldr	r2, .L2+96
 132 0090 1360     		str	r3, [r2]
 218:Generated_Source\PSoC4/cyfitter_cfg.c **** 
 219:Generated_Source\PSoC4/cyfitter_cfg.c **** 	/* CYDEV_PERI_PCLK_CTL1 Starting address: CYDEV_PERI_PCLK_CTL1 */
 220:Generated_Source\PSoC4/cyfitter_cfg.c **** 	CY_SET_REG32((void *)(CYREG_PERI_PCLK_CTL1), 0x00000041u);
 133              		.loc 1 220 0
 134 0092 4122     		movs	r2, #65
 135 0094 224B     		ldr	r3, .L2+100
 136 0096 1A60     		str	r2, [r3]
 221:Generated_Source\PSoC4/cyfitter_cfg.c **** 
 222:Generated_Source\PSoC4/cyfitter_cfg.c **** 	/* CYDEV_PERI_PCLK_CTL0 Starting address: CYDEV_PERI_PCLK_CTL0 */
 223:Generated_Source\PSoC4/cyfitter_cfg.c **** 	CY_SET_REG32((void *)(CYREG_PERI_PCLK_CTL0), 0x00000045u);
 137              		.loc 1 223 0
 138 0098 0432     		adds	r2, r2, #4
 139 009a 224B     		ldr	r3, .L2+104
 140 009c 1A60     		str	r2, [r3]
 224:Generated_Source\PSoC4/cyfitter_cfg.c **** 
 225:Generated_Source\PSoC4/cyfitter_cfg.c **** 	(void)CyIntSetVector(11u, &CySysTimerIsr);
 141              		.loc 1 225 0
 142 009e 2249     		ldr	r1, .L2+108
 143 00a0 0B20     		movs	r0, #11
 144 00a2 FFF7FEFF 		bl	CyIntSetVector
 145              	.LVL1:
 226:Generated_Source\PSoC4/cyfitter_cfg.c **** 	CyIntEnable(11u);
 146              		.loc 1 226 0
 147 00a6 0B20     		movs	r0, #11
 148 00a8 FFF7FEFF 		bl	CyIntEnable
 149              	.LVL2:
 227:Generated_Source\PSoC4/cyfitter_cfg.c **** 	CY_SET_REG32((void *)(CYREG_WCO_WDT_CONFIG), 0x00000000u);
 150              		.loc 1 227 0
 151 00ac 0022     		movs	r2, #0
 152 00ae 1F4B     		ldr	r3, .L2+112
 153 00b0 1A60     		str	r2, [r3]
 228:Generated_Source\PSoC4/cyfitter_cfg.c **** 	CySysClkSetTimerSource(CY_SYS_CLK_TIMER_SRC_ILO);
 154              		.loc 1 228 0
 155 00b2 0020     		movs	r0, #0
 156 00b4 FFF7FEFF 		bl	CySysClkSetTimerSource
 157              	.LVL3:
 229:Generated_Source\PSoC4/cyfitter_cfg.c **** }
 158              		.loc 1 229 0
 159              		@ sp needed
 160 00b8 10BD     		pop	{r4, pc}
 161              	.L3:
 162 00ba C046     		.align	2
 163              	.L2:
 164 00bc 30001040 		.word	1074790448
 165 00c0 00030040 		.word	1073742592
 166 00c4 40FF0080 		.word	-2147418304
 167 00c8 18030040 		.word	1073742616
 168 00cc 46FF0080 		.word	-2147418298
 169 00d0 00040040 		.word	1073742848
 170 00d4 80FF0080 		.word	-2147418240
ARM GAS  C:\Users\nbutts\AppData\Local\Temp\ccBvjSYB.s 			page 8


 171 00d8 10030040 		.word	1073742608
 172 00dc 44FF0080 		.word	-2147418300
 173 00e0 0C030040 		.word	1073742604
 174 00e4 43FF0080 		.word	-2147418301
 175 00e8 08030040 		.word	1073742600
 176 00ec 42FF0080 		.word	-2147418302
 177 00f0 04030040 		.word	1073742596
 178 00f4 41FF0080 		.word	-2147418303
 179 00f8 14030040 		.word	1073742612
 180 00fc 45FF0080 		.word	-2147418299
 181 0100 28000340 		.word	1073938472
 182 0104 38010040 		.word	1073742136
 183 0108 34010040 		.word	1073742132
 184 010c 30010040 		.word	1073742128
 185 0110 1C010040 		.word	1073742108
 186 0114 18010040 		.word	1073742104
 187 0118 14010040 		.word	1073742100
 188 011c 10010040 		.word	1073742096
 189 0120 04010040 		.word	1073742084
 190 0124 00010040 		.word	1073742080
 191 0128 00000000 		.word	CySysTimerIsr
 192 012c 0C020640 		.word	1074135564
 193              		.cfi_endproc
 194              	.LFE4:
 195              		.size	ClockSetup, .-ClockSetup
 196              		.section	.text.SetAnalogRoutingPumps,"ax",%progbits
 197              		.align	2
 198              		.global	SetAnalogRoutingPumps
 199              		.code	16
 200              		.thumb_func
 201              		.type	SetAnalogRoutingPumps, %function
 202              	SetAnalogRoutingPumps:
 203              	.LFB6:
 230:Generated_Source\PSoC4/cyfitter_cfg.c **** 
 231:Generated_Source\PSoC4/cyfitter_cfg.c **** 
 232:Generated_Source\PSoC4/cyfitter_cfg.c **** /* Analog API Functions */
 233:Generated_Source\PSoC4/cyfitter_cfg.c **** 
 234:Generated_Source\PSoC4/cyfitter_cfg.c **** 
 235:Generated_Source\PSoC4/cyfitter_cfg.c **** /*******************************************************************************
 236:Generated_Source\PSoC4/cyfitter_cfg.c **** * Function Name: AnalogSetDefault
 237:Generated_Source\PSoC4/cyfitter_cfg.c **** ********************************************************************************
 238:Generated_Source\PSoC4/cyfitter_cfg.c **** *
 239:Generated_Source\PSoC4/cyfitter_cfg.c **** * Summary:
 240:Generated_Source\PSoC4/cyfitter_cfg.c **** *  Sets up the analog portions of the chip to default values based on chip
 241:Generated_Source\PSoC4/cyfitter_cfg.c **** *  configuration options from the project.
 242:Generated_Source\PSoC4/cyfitter_cfg.c **** *
 243:Generated_Source\PSoC4/cyfitter_cfg.c **** * Parameters:
 244:Generated_Source\PSoC4/cyfitter_cfg.c **** *  void
 245:Generated_Source\PSoC4/cyfitter_cfg.c **** *
 246:Generated_Source\PSoC4/cyfitter_cfg.c **** * Return:
 247:Generated_Source\PSoC4/cyfitter_cfg.c **** *  void
 248:Generated_Source\PSoC4/cyfitter_cfg.c **** *
 249:Generated_Source\PSoC4/cyfitter_cfg.c **** *******************************************************************************/
 250:Generated_Source\PSoC4/cyfitter_cfg.c **** static void AnalogSetDefault(void);
 251:Generated_Source\PSoC4/cyfitter_cfg.c **** static void AnalogSetDefault(void)
 252:Generated_Source\PSoC4/cyfitter_cfg.c **** {
 253:Generated_Source\PSoC4/cyfitter_cfg.c **** 	CY_SET_XTND_REG32((void CYFAR *)CYREG_CTB0_CTB_CTRL, 0x80000000u);
ARM GAS  C:\Users\nbutts\AppData\Local\Temp\ccBvjSYB.s 			page 9


 254:Generated_Source\PSoC4/cyfitter_cfg.c **** 	CY_SET_XTND_REG32((void CYFAR *)CYREG_CTB0_OA0_SW, 0x00080200u);
 255:Generated_Source\PSoC4/cyfitter_cfg.c **** 	CY_SET_XTND_REG32((void CYFAR *)CYREG_CTB1_CTB_CTRL, 0x80000000u);
 256:Generated_Source\PSoC4/cyfitter_cfg.c **** 	CY_SET_XTND_REG32((void CYFAR *)CYREG_CTB1_OA1_SW, 0x00080010u);
 257:Generated_Source\PSoC4/cyfitter_cfg.c **** 	CY_SET_XTND_REG32((void CYFAR *)CYREG_ART_CTRL, 0x80000000u);
 258:Generated_Source\PSoC4/cyfitter_cfg.c **** 	CY_SET_XTND_REG32((void CYFAR *)CYREG_ART_SARMUXVPLUS_SW, 0x01000000u);
 259:Generated_Source\PSoC4/cyfitter_cfg.c **** 	CY_SET_XTND_REG32((void CYFAR *)CYREG_ART_SARMUXVMINUS_SW, 0x02000000u);
 260:Generated_Source\PSoC4/cyfitter_cfg.c **** 	CY_SET_XTND_REG32((void CYFAR *)CYREG_ART_UAB0VREF_SW, 0x01010101u);
 261:Generated_Source\PSoC4/cyfitter_cfg.c **** 	CY_SET_XTND_REG32((void CYFAR *)CYREG_ART_UAB1VIN03_SW, 0x80000004u);
 262:Generated_Source\PSoC4/cyfitter_cfg.c **** 	CY_SET_XTND_REG32((void CYFAR *)CYREG_SAR_CTRL, 0x80000000u);
 263:Generated_Source\PSoC4/cyfitter_cfg.c **** 	CY_SET_XTND_REG32((void CYFAR *)CYREG_SAR_MUX_SWITCH0, 0x000000A0u);
 264:Generated_Source\PSoC4/cyfitter_cfg.c **** 	CY_SET_XTND_REG32((void CYFAR *)CYREG_SAR_MUX_SWITCH_HW_CTRL, 0x000000A0u);
 265:Generated_Source\PSoC4/cyfitter_cfg.c **** 	CY_SET_XTND_REG32((void CYFAR *)CYREG_PASS_PASS_CTRL, 0x00000003u);
 266:Generated_Source\PSoC4/cyfitter_cfg.c **** 	CY_SET_XTND_REG32((void CYFAR *)CYREG_PASS_PRB_CTRL, 0x80000001u);
 267:Generated_Source\PSoC4/cyfitter_cfg.c **** 	CY_SET_XTND_REG32((void CYFAR *)CYREG_PASS_PRB_REF0, 0x000000F1u);
 268:Generated_Source\PSoC4/cyfitter_cfg.c **** 	CY_SET_XTND_REG32((void CYFAR *)CYREG_PASS_DSAB_DSAB_CTRL, 0x00000000u);
 269:Generated_Source\PSoC4/cyfitter_cfg.c **** 	SetAnalogRoutingPumps(1);
 270:Generated_Source\PSoC4/cyfitter_cfg.c **** }
 271:Generated_Source\PSoC4/cyfitter_cfg.c **** 
 272:Generated_Source\PSoC4/cyfitter_cfg.c **** 
 273:Generated_Source\PSoC4/cyfitter_cfg.c **** /*******************************************************************************
 274:Generated_Source\PSoC4/cyfitter_cfg.c **** * Function Name: SetAnalogRoutingPumps
 275:Generated_Source\PSoC4/cyfitter_cfg.c **** ********************************************************************************
 276:Generated_Source\PSoC4/cyfitter_cfg.c **** *
 277:Generated_Source\PSoC4/cyfitter_cfg.c **** * Summary:
 278:Generated_Source\PSoC4/cyfitter_cfg.c **** * Enables or disables the analog pumps feeding analog routing switches.
 279:Generated_Source\PSoC4/cyfitter_cfg.c **** * Intended to be called at startup, based on the Vdda system configuration;
 280:Generated_Source\PSoC4/cyfitter_cfg.c **** * may be called during operation when the user informs us that the Vdda voltage crossed the pump th
 281:Generated_Source\PSoC4/cyfitter_cfg.c **** *
 282:Generated_Source\PSoC4/cyfitter_cfg.c **** * Parameters:
 283:Generated_Source\PSoC4/cyfitter_cfg.c **** *  enabled - 1 to enable the pumps, 0 to disable the pumps
 284:Generated_Source\PSoC4/cyfitter_cfg.c **** *
 285:Generated_Source\PSoC4/cyfitter_cfg.c **** * Return:
 286:Generated_Source\PSoC4/cyfitter_cfg.c **** *  void
 287:Generated_Source\PSoC4/cyfitter_cfg.c **** *
 288:Generated_Source\PSoC4/cyfitter_cfg.c **** *******************************************************************************/
 289:Generated_Source\PSoC4/cyfitter_cfg.c **** void SetAnalogRoutingPumps(uint8 enabled)
 290:Generated_Source\PSoC4/cyfitter_cfg.c **** {
 204              		.loc 1 290 0
 205              		.cfi_startproc
 206              		@ args = 0, pretend = 0, frame = 0
 207              		@ frame_needed = 0, uses_anonymous_args = 0
 208              		@ link register save eliminated.
 209              	.LVL4:
 291:Generated_Source\PSoC4/cyfitter_cfg.c **** 	uint32 regValue = CY_GET_XTND_REG32((void *)(CYREG_SAR_PUMP_CTRL));
 210              		.loc 1 291 0
 211 0000 064B     		ldr	r3, .L7
 212 0002 1B68     		ldr	r3, [r3]
 213              	.LVL5:
 292:Generated_Source\PSoC4/cyfitter_cfg.c **** 	if (enabled != 0u)
 214              		.loc 1 292 0
 215 0004 0028     		cmp	r0, #0
 216 0006 03D0     		beq	.L5
 293:Generated_Source\PSoC4/cyfitter_cfg.c **** 	{
 294:Generated_Source\PSoC4/cyfitter_cfg.c **** 		regValue |= 0x80000000u;
 217              		.loc 1 294 0
 218 0008 8022     		movs	r2, #128
 219 000a 1206     		lsls	r2, r2, #24
ARM GAS  C:\Users\nbutts\AppData\Local\Temp\ccBvjSYB.s 			page 10


 220 000c 1343     		orrs	r3, r2
 221              	.LVL6:
 222 000e 01E0     		b	.L6
 223              	.L5:
 295:Generated_Source\PSoC4/cyfitter_cfg.c **** 	}
 296:Generated_Source\PSoC4/cyfitter_cfg.c **** 	else
 297:Generated_Source\PSoC4/cyfitter_cfg.c **** 	{
 298:Generated_Source\PSoC4/cyfitter_cfg.c **** 		regValue &= ~0x80000000u;
 224              		.loc 1 298 0
 225 0010 5B00     		lsls	r3, r3, #1
 226              	.LVL7:
 227 0012 5B08     		lsrs	r3, r3, #1
 228              	.LVL8:
 229              	.L6:
 299:Generated_Source\PSoC4/cyfitter_cfg.c **** 	}
 300:Generated_Source\PSoC4/cyfitter_cfg.c **** 	CY_SET_XTND_REG32((void *)(CYREG_SAR_PUMP_CTRL), regValue);
 230              		.loc 1 300 0
 231 0014 014A     		ldr	r2, .L7
 232 0016 1360     		str	r3, [r2]
 301:Generated_Source\PSoC4/cyfitter_cfg.c **** }
 233              		.loc 1 301 0
 234              		@ sp needed
 235 0018 7047     		bx	lr
 236              	.L8:
 237 001a C046     		.align	2
 238              	.L7:
 239 001c 80033A40 		.word	1077543808
 240              		.cfi_endproc
 241              	.LFE6:
 242              		.size	SetAnalogRoutingPumps, .-SetAnalogRoutingPumps
 243              		.section	.text.AnalogSetDefault,"ax",%progbits
 244              		.align	2
 245              		.code	16
 246              		.thumb_func
 247              		.type	AnalogSetDefault, %function
 248              	AnalogSetDefault:
 249              	.LFB5:
 252:Generated_Source\PSoC4/cyfitter_cfg.c **** 	CY_SET_XTND_REG32((void CYFAR *)CYREG_CTB0_CTB_CTRL, 0x80000000u);
 250              		.loc 1 252 0
 251              		.cfi_startproc
 252              		@ args = 0, pretend = 0, frame = 0
 253              		@ frame_needed = 0, uses_anonymous_args = 0
 254 0000 10B5     		push	{r4, lr}
 255              		.cfi_def_cfa_offset 8
 256              		.cfi_offset 4, -8
 257              		.cfi_offset 14, -4
 253:Generated_Source\PSoC4/cyfitter_cfg.c **** 	CY_SET_XTND_REG32((void CYFAR *)CYREG_CTB0_OA0_SW, 0x00080200u);
 258              		.loc 1 253 0
 259 0002 8023     		movs	r3, #128
 260 0004 1B06     		lsls	r3, r3, #24
 261 0006 184A     		ldr	r2, .L10
 262 0008 1360     		str	r3, [r2]
 254:Generated_Source\PSoC4/cyfitter_cfg.c **** 	CY_SET_XTND_REG32((void CYFAR *)CYREG_CTB1_CTB_CTRL, 0x80000000u);
 263              		.loc 1 254 0
 264 000a 1849     		ldr	r1, .L10+4
 265 000c 184A     		ldr	r2, .L10+8
 266 000e 1160     		str	r1, [r2]
ARM GAS  C:\Users\nbutts\AppData\Local\Temp\ccBvjSYB.s 			page 11


 255:Generated_Source\PSoC4/cyfitter_cfg.c **** 	CY_SET_XTND_REG32((void CYFAR *)CYREG_CTB1_OA1_SW, 0x00080010u);
 267              		.loc 1 255 0
 268 0010 184A     		ldr	r2, .L10+12
 269 0012 1360     		str	r3, [r2]
 256:Generated_Source\PSoC4/cyfitter_cfg.c **** 	CY_SET_XTND_REG32((void CYFAR *)CYREG_ART_CTRL, 0x80000000u);
 270              		.loc 1 256 0
 271 0014 1849     		ldr	r1, .L10+16
 272 0016 194A     		ldr	r2, .L10+20
 273 0018 1160     		str	r1, [r2]
 257:Generated_Source\PSoC4/cyfitter_cfg.c **** 	CY_SET_XTND_REG32((void CYFAR *)CYREG_ART_SARMUXVPLUS_SW, 0x01000000u);
 274              		.loc 1 257 0
 275 001a 194A     		ldr	r2, .L10+24
 276 001c 1360     		str	r3, [r2]
 258:Generated_Source\PSoC4/cyfitter_cfg.c **** 	CY_SET_XTND_REG32((void CYFAR *)CYREG_ART_SARMUXVMINUS_SW, 0x02000000u);
 277              		.loc 1 258 0
 278 001e 8021     		movs	r1, #128
 279 0020 4904     		lsls	r1, r1, #17
 280 0022 184A     		ldr	r2, .L10+28
 281 0024 1160     		str	r1, [r2]
 259:Generated_Source\PSoC4/cyfitter_cfg.c **** 	CY_SET_XTND_REG32((void CYFAR *)CYREG_ART_UAB0VREF_SW, 0x01010101u);
 282              		.loc 1 259 0
 283 0026 8021     		movs	r1, #128
 284 0028 8904     		lsls	r1, r1, #18
 285 002a 174A     		ldr	r2, .L10+32
 286 002c 1160     		str	r1, [r2]
 260:Generated_Source\PSoC4/cyfitter_cfg.c **** 	CY_SET_XTND_REG32((void CYFAR *)CYREG_ART_UAB1VIN03_SW, 0x80000004u);
 287              		.loc 1 260 0
 288 002e 1749     		ldr	r1, .L10+36
 289 0030 174A     		ldr	r2, .L10+40
 290 0032 1160     		str	r1, [r2]
 261:Generated_Source\PSoC4/cyfitter_cfg.c **** 	CY_SET_XTND_REG32((void CYFAR *)CYREG_SAR_CTRL, 0x80000000u);
 291              		.loc 1 261 0
 292 0034 1749     		ldr	r1, .L10+44
 293 0036 184A     		ldr	r2, .L10+48
 294 0038 1160     		str	r1, [r2]
 262:Generated_Source\PSoC4/cyfitter_cfg.c **** 	CY_SET_XTND_REG32((void CYFAR *)CYREG_SAR_MUX_SWITCH0, 0x000000A0u);
 295              		.loc 1 262 0
 296 003a 184A     		ldr	r2, .L10+52
 297 003c 1360     		str	r3, [r2]
 263:Generated_Source\PSoC4/cyfitter_cfg.c **** 	CY_SET_XTND_REG32((void CYFAR *)CYREG_SAR_MUX_SWITCH_HW_CTRL, 0x000000A0u);
 298              		.loc 1 263 0
 299 003e A023     		movs	r3, #160
 300 0040 174A     		ldr	r2, .L10+56
 301 0042 1360     		str	r3, [r2]
 264:Generated_Source\PSoC4/cyfitter_cfg.c **** 	CY_SET_XTND_REG32((void CYFAR *)CYREG_PASS_PASS_CTRL, 0x00000003u);
 302              		.loc 1 264 0
 303 0044 174A     		ldr	r2, .L10+60
 304 0046 1360     		str	r3, [r2]
 265:Generated_Source\PSoC4/cyfitter_cfg.c **** 	CY_SET_XTND_REG32((void CYFAR *)CYREG_PASS_PRB_CTRL, 0x80000001u);
 305              		.loc 1 265 0
 306 0048 0322     		movs	r2, #3
 307 004a 174B     		ldr	r3, .L10+64
 308 004c 1A60     		str	r2, [r3]
 266:Generated_Source\PSoC4/cyfitter_cfg.c **** 	CY_SET_XTND_REG32((void CYFAR *)CYREG_PASS_PRB_REF0, 0x000000F1u);
 309              		.loc 1 266 0
 310 004e 174A     		ldr	r2, .L10+68
 311 0050 174B     		ldr	r3, .L10+72
ARM GAS  C:\Users\nbutts\AppData\Local\Temp\ccBvjSYB.s 			page 12


 312 0052 1A60     		str	r2, [r3]
 267:Generated_Source\PSoC4/cyfitter_cfg.c **** 	CY_SET_XTND_REG32((void CYFAR *)CYREG_PASS_DSAB_DSAB_CTRL, 0x00000000u);
 313              		.loc 1 267 0
 314 0054 F122     		movs	r2, #241
 315 0056 174B     		ldr	r3, .L10+76
 316 0058 1A60     		str	r2, [r3]
 268:Generated_Source\PSoC4/cyfitter_cfg.c **** 	SetAnalogRoutingPumps(1);
 317              		.loc 1 268 0
 318 005a 0022     		movs	r2, #0
 319 005c 164B     		ldr	r3, .L10+80
 320 005e 1A60     		str	r2, [r3]
 269:Generated_Source\PSoC4/cyfitter_cfg.c **** }
 321              		.loc 1 269 0
 322 0060 0120     		movs	r0, #1
 323 0062 FFF7FEFF 		bl	SetAnalogRoutingPumps
 324              	.LVL9:
 270:Generated_Source\PSoC4/cyfitter_cfg.c **** 
 325              		.loc 1 270 0
 326              		@ sp needed
 327 0066 10BD     		pop	{r4, pc}
 328              	.L11:
 329              		.align	2
 330              	.L10:
 331 0068 00003040 		.word	1076887552
 332 006c 00020800 		.word	524800
 333 0070 80003040 		.word	1076887680
 334 0074 00003140 		.word	1076953088
 335 0078 10000800 		.word	524304
 336 007c 88003140 		.word	1076953224
 337 0080 00003840 		.word	1077411840
 338 0084 10003840 		.word	1077411856
 339 0088 18003840 		.word	1077411864
 340 008c 01010101 		.word	16843009
 341 0090 48013840 		.word	1077412168
 342 0094 04000080 		.word	-2147483644
 343 0098 98013840 		.word	1077412248
 344 009c 00003A40 		.word	1077542912
 345 00a0 00033A40 		.word	1077543680
 346 00a4 40033A40 		.word	1077543744
 347 00a8 08013F40 		.word	1077870856
 348 00ac 01000080 		.word	-2147483647
 349 00b0 00023F40 		.word	1077871104
 350 00b4 04023F40 		.word	1077871108
 351 00b8 000E3F40 		.word	1077874176
 352              		.cfi_endproc
 353              	.LFE5:
 354              		.size	AnalogSetDefault, .-AnalogSetDefault
 355              		.section	.psocinit
 356              		.align	2
 357              		.global	cyfitter_cfg
 358              		.code	16
 359              		.thumb_func
 360              		.type	cyfitter_cfg, %function
 361              	cyfitter_cfg:
 362              	.LFB7:
 302:Generated_Source\PSoC4/cyfitter_cfg.c **** 
 303:Generated_Source\PSoC4/cyfitter_cfg.c **** 
ARM GAS  C:\Users\nbutts\AppData\Local\Temp\ccBvjSYB.s 			page 13


 304:Generated_Source\PSoC4/cyfitter_cfg.c **** 
 305:Generated_Source\PSoC4/cyfitter_cfg.c **** 
 306:Generated_Source\PSoC4/cyfitter_cfg.c **** /*******************************************************************************
 307:Generated_Source\PSoC4/cyfitter_cfg.c **** * Function Name: cyfitter_cfg
 308:Generated_Source\PSoC4/cyfitter_cfg.c **** ********************************************************************************
 309:Generated_Source\PSoC4/cyfitter_cfg.c **** * Summary:
 310:Generated_Source\PSoC4/cyfitter_cfg.c **** *  This function is called by the start-up code for the selected device. It
 311:Generated_Source\PSoC4/cyfitter_cfg.c **** *  performs all of the necessary device configuration based on the design
 312:Generated_Source\PSoC4/cyfitter_cfg.c **** *  settings.  This includes settings from the Design Wide Resources (DWR) such
 313:Generated_Source\PSoC4/cyfitter_cfg.c **** *  as Clocks and Pins as well as any component configuration that is necessary.
 314:Generated_Source\PSoC4/cyfitter_cfg.c **** *
 315:Generated_Source\PSoC4/cyfitter_cfg.c **** * Parameters:
 316:Generated_Source\PSoC4/cyfitter_cfg.c **** *   void
 317:Generated_Source\PSoC4/cyfitter_cfg.c **** *
 318:Generated_Source\PSoC4/cyfitter_cfg.c **** * Return:
 319:Generated_Source\PSoC4/cyfitter_cfg.c **** *   void
 320:Generated_Source\PSoC4/cyfitter_cfg.c **** *
 321:Generated_Source\PSoC4/cyfitter_cfg.c **** *******************************************************************************/
 322:Generated_Source\PSoC4/cyfitter_cfg.c **** CY_CFG_SECTION
 323:Generated_Source\PSoC4/cyfitter_cfg.c **** void cyfitter_cfg(void)
 324:Generated_Source\PSoC4/cyfitter_cfg.c **** {
 363              		.loc 1 324 0
 364              		.cfi_startproc
 365              		@ args = 0, pretend = 0, frame = 0
 366              		@ frame_needed = 0, uses_anonymous_args = 0
 367 0130 10B5     		push	{r4, lr}
 368              		.cfi_def_cfa_offset 8
 369              		.cfi_offset 4, -8
 370              		.cfi_offset 14, -4
 325:Generated_Source\PSoC4/cyfitter_cfg.c **** 	/* Disable interrupts by default. Let user enable if/when they want. */
 326:Generated_Source\PSoC4/cyfitter_cfg.c **** 	CyGlobalIntDisable;
 371              		.loc 1 326 0
 372              		.syntax divided
 373              	@ 326 "Generated_Source\PSoC4\cyfitter_cfg.c" 1
 374 0132 72B6     		CPSID   i
 375              	@ 0 "" 2
 327:Generated_Source\PSoC4/cyfitter_cfg.c **** 
 328:Generated_Source\PSoC4/cyfitter_cfg.c **** 	{
 329:Generated_Source\PSoC4/cyfitter_cfg.c **** 		/* HSIOM Starting address: CYDEV_HSIOM_BASE */
 330:Generated_Source\PSoC4/cyfitter_cfg.c **** 		CY_SET_REG32((void *)(CYDEV_HSIOM_BASE), 0xFFFF00EEu);
 376              		.loc 1 330 0
 377              		.thumb
 378              		.syntax unified
 379 0134 1A4A     		ldr	r2, .L13
 380 0136 1B4B     		ldr	r3, .L13+4
 381 0138 1A60     		str	r2, [r3]
 331:Generated_Source\PSoC4/cyfitter_cfg.c **** 		CY_SET_REG32((void *)(CYREG_HSIOM_PORT_SEL1), 0x08000800u);
 382              		.loc 1 331 0
 383 013a 1B4A     		ldr	r2, .L13+8
 384 013c 1B4B     		ldr	r3, .L13+12
 385 013e 1A60     		str	r2, [r3]
 332:Generated_Source\PSoC4/cyfitter_cfg.c **** 		CY_SET_REG32((void *)(CYREG_HSIOM_PORT_SEL3), 0x0B0B00EEu);
 386              		.loc 1 332 0
 387 0140 1B4A     		ldr	r2, .L13+16
 388 0142 1C4B     		ldr	r3, .L13+20
 389 0144 1A60     		str	r2, [r3]
 333:Generated_Source\PSoC4/cyfitter_cfg.c **** 
ARM GAS  C:\Users\nbutts\AppData\Local\Temp\ccBvjSYB.s 			page 14


 334:Generated_Source\PSoC4/cyfitter_cfg.c **** 		/* PASS_SAR_TRIG_SEL Starting address: CYDEV_PASS_SAR_TRIG_SEL */
 335:Generated_Source\PSoC4/cyfitter_cfg.c **** 		CY_SET_REG32((void *)(CYREG_PASS_SAR_TRIG_SEL), 0x00000000u);
 390              		.loc 1 335 0
 391 0146 0022     		movs	r2, #0
 392 0148 1B4B     		ldr	r3, .L13+24
 393 014a 1A60     		str	r2, [r3]
 336:Generated_Source\PSoC4/cyfitter_cfg.c **** 
 337:Generated_Source\PSoC4/cyfitter_cfg.c **** 		/* TCPWM_CNT0 Starting address: CYDEV_TCPWM_CNT0_TR_CTRL0 */
 338:Generated_Source\PSoC4/cyfitter_cfg.c **** 		CY_SET_REG32((void *)(CYREG_TCPWM_CNT0_TR_CTRL0), 0x00000016u);
 394              		.loc 1 338 0
 395 014c 1632     		adds	r2, r2, #22
 396 014e 1B4B     		ldr	r3, .L13+28
 397 0150 1A60     		str	r2, [r3]
 339:Generated_Source\PSoC4/cyfitter_cfg.c **** 
 340:Generated_Source\PSoC4/cyfitter_cfg.c **** 		/* TCPWM_CNT2 Starting address: CYDEV_TCPWM_CNT2_TR_CTRL0 */
 341:Generated_Source\PSoC4/cyfitter_cfg.c **** 		CY_SET_REG32((void *)(CYREG_TCPWM_CNT2_TR_CTRL0), 0x00000014u);
 398              		.loc 1 341 0
 399 0152 023A     		subs	r2, r2, #2
 400 0154 1A4B     		ldr	r3, .L13+32
 401 0156 1A60     		str	r2, [r3]
 342:Generated_Source\PSoC4/cyfitter_cfg.c **** 
 343:Generated_Source\PSoC4/cyfitter_cfg.c **** 	}
 344:Generated_Source\PSoC4/cyfitter_cfg.c **** 
 345:Generated_Source\PSoC4/cyfitter_cfg.c **** 	/* Perform second pass device configuration. These items must be configured in specific order afte
 346:Generated_Source\PSoC4/cyfitter_cfg.c **** 	/* IOPINS0_0 Starting address: CYDEV_GPIO_PRT0_BASE */
 347:Generated_Source\PSoC4/cyfitter_cfg.c **** 	CY_SET_REG32((void *)(CYDEV_GPIO_PRT0_BASE), 0x00000020u);
 402              		.loc 1 347 0
 403 0158 2023     		movs	r3, #32
 404 015a 1A4A     		ldr	r2, .L13+36
 405 015c 1360     		str	r3, [r2]
 348:Generated_Source\PSoC4/cyfitter_cfg.c **** 	CY_SET_REG32((void *)(CYREG_GPIO_PRT0_PC), 0x00271036u);
 406              		.loc 1 348 0
 407 015e 1A49     		ldr	r1, .L13+40
 408 0160 1A4A     		ldr	r2, .L13+44
 409 0162 1160     		str	r1, [r2]
 349:Generated_Source\PSoC4/cyfitter_cfg.c **** 	CY_SET_REG32((void *)(CYREG_GPIO_PRT0_PC2), 0x00000020u);
 410              		.loc 1 349 0
 411 0164 1A4A     		ldr	r2, .L13+48
 412 0166 1360     		str	r3, [r2]
 350:Generated_Source\PSoC4/cyfitter_cfg.c **** 
 351:Generated_Source\PSoC4/cyfitter_cfg.c **** 	/* IOPINS0_1 Starting address: CYDEV_GPIO_PRT1_BASE */
 352:Generated_Source\PSoC4/cyfitter_cfg.c **** 	CY_SET_REG32((void *)(CYDEV_GPIO_PRT1_BASE), 0x0000004Cu);
 413              		.loc 1 352 0
 414 0168 4C22     		movs	r2, #76
 415 016a 1A4B     		ldr	r3, .L13+52
 416 016c 1A60     		str	r2, [r3]
 353:Generated_Source\PSoC4/cyfitter_cfg.c **** 	CY_SET_REG32((void *)(CYREG_GPIO_PRT1_PC), 0x00180180u);
 417              		.loc 1 353 0
 418 016e 1A4A     		ldr	r2, .L13+56
 419 0170 1A4B     		ldr	r3, .L13+60
 420 0172 1A60     		str	r2, [r3]
 354:Generated_Source\PSoC4/cyfitter_cfg.c **** 	CY_SET_REG32((void *)(CYREG_GPIO_PRT1_PC2), 0x00000008u);
 421              		.loc 1 354 0
 422 0174 0822     		movs	r2, #8
 423 0176 1A4B     		ldr	r3, .L13+64
 424 0178 1A60     		str	r2, [r3]
 355:Generated_Source\PSoC4/cyfitter_cfg.c **** 
ARM GAS  C:\Users\nbutts\AppData\Local\Temp\ccBvjSYB.s 			page 15


 356:Generated_Source\PSoC4/cyfitter_cfg.c **** 	/* IOPINS0_2 Starting address: CYDEV_GPIO_PRT2_BASE */
 357:Generated_Source\PSoC4/cyfitter_cfg.c **** 	CY_SET_REG32((void *)(CYDEV_GPIO_PRT2_BASE), 0x00000084u);
 425              		.loc 1 357 0
 426 017a 8423     		movs	r3, #132
 427 017c 194A     		ldr	r2, .L13+68
 428 017e 1360     		str	r3, [r2]
 358:Generated_Source\PSoC4/cyfitter_cfg.c **** 	CY_SET_REG32((void *)(CYREG_GPIO_PRT2_PC2), 0x00000084u);
 429              		.loc 1 358 0
 430 0180 194A     		ldr	r2, .L13+72
 431 0182 1360     		str	r3, [r2]
 359:Generated_Source\PSoC4/cyfitter_cfg.c **** 
 360:Generated_Source\PSoC4/cyfitter_cfg.c **** 	/* IOPINS0_3 Starting address: CYDEV_GPIO_PRT3_BASE */
 361:Generated_Source\PSoC4/cyfitter_cfg.c **** 	CY_SET_REG32((void *)(CYDEV_GPIO_PRT3_BASE), 0x000000A3u);
 432              		.loc 1 361 0
 433 0184 A322     		movs	r2, #163
 434 0186 194B     		ldr	r3, .L13+76
 435 0188 1A60     		str	r2, [r3]
 362:Generated_Source\PSoC4/cyfitter_cfg.c **** 	CY_SET_REG32((void *)(CYREG_GPIO_PRT3_PC), 0x00041024u);
 436              		.loc 1 362 0
 437 018a 194A     		ldr	r2, .L13+80
 438 018c 194B     		ldr	r3, .L13+84
 439 018e 1A60     		str	r2, [r3]
 363:Generated_Source\PSoC4/cyfitter_cfg.c **** 	CY_SET_REG32((void *)(CYREG_GPIO_PRT3_PC2), 0x000000A0u);
 440              		.loc 1 363 0
 441 0190 A022     		movs	r2, #160
 442 0192 194B     		ldr	r3, .L13+88
 443 0194 1A60     		str	r2, [r3]
 364:Generated_Source\PSoC4/cyfitter_cfg.c **** 
 365:Generated_Source\PSoC4/cyfitter_cfg.c **** 
 366:Generated_Source\PSoC4/cyfitter_cfg.c **** 	/* Setup clocks based on selections from Clock DWR */
 367:Generated_Source\PSoC4/cyfitter_cfg.c **** 	ClockSetup();
 444              		.loc 1 367 0
 445 0196 FFF733FF 		bl	ClockSetup
 446              	.LVL10:
 368:Generated_Source\PSoC4/cyfitter_cfg.c **** 
 369:Generated_Source\PSoC4/cyfitter_cfg.c **** 	/* Perform basic analog initialization to defaults */
 370:Generated_Source\PSoC4/cyfitter_cfg.c **** 	AnalogSetDefault();
 447              		.loc 1 370 0
 448 019a FFF7FEFF 		bl	AnalogSetDefault
 449              	.LVL11:
 371:Generated_Source\PSoC4/cyfitter_cfg.c **** 
 372:Generated_Source\PSoC4/cyfitter_cfg.c **** }
 450              		.loc 1 372 0
 451              		@ sp needed
 452 019e 10BD     		pop	{r4, pc}
 453              	.L14:
 454              		.align	2
 455              	.L13:
 456 01a0 EE00FFFF 		.word	-65298
 457 01a4 00000240 		.word	1073872896
 458 01a8 00080008 		.word	134219776
 459 01ac 00010240 		.word	1073873152
 460 01b0 EE000B0B 		.word	185270510
 461 01b4 00030240 		.word	1073873664
 462 01b8 04013F40 		.word	1077870852
 463 01bc 20010140 		.word	1073807648
 464 01c0 A0010140 		.word	1073807776
ARM GAS  C:\Users\nbutts\AppData\Local\Temp\ccBvjSYB.s 			page 16


 465 01c4 00000440 		.word	1074003968
 466 01c8 36102700 		.word	2560054
 467 01cc 08000440 		.word	1074003976
 468 01d0 18000440 		.word	1074003992
 469 01d4 00010440 		.word	1074004224
 470 01d8 80011800 		.word	1573248
 471 01dc 08010440 		.word	1074004232
 472 01e0 18010440 		.word	1074004248
 473 01e4 00020440 		.word	1074004480
 474 01e8 18020440 		.word	1074004504
 475 01ec 00030440 		.word	1074004736
 476 01f0 24100400 		.word	266276
 477 01f4 08030440 		.word	1074004744
 478 01f8 18030440 		.word	1074004760
 479              		.cfi_endproc
 480              	.LFE7:
 481              		.size	cyfitter_cfg, .-cyfitter_cfg
 482              		.text
 483              	.Letext0:
 484              		.file 2 "Generated_Source\\PSoC4\\cytypes.h"
 485              		.file 3 "Generated_Source\\PSoC4\\CyLib.h"
 486              		.file 4 "Generated_Source\\PSoC4\\CyLFClk.h"
 487              		.section	.debug_info,"",%progbits
 488              	.Ldebug_info0:
 489 0000 C2010000 		.4byte	0x1c2
 490 0004 0400     		.2byte	0x4
 491 0006 00000000 		.4byte	.Ldebug_abbrev0
 492 000a 04       		.byte	0x4
 493 000b 01       		.uleb128 0x1
 494 000c 40010000 		.4byte	.LASF25
 495 0010 0C       		.byte	0xc
 496 0011 DE010000 		.4byte	.LASF26
 497 0015 0D020000 		.4byte	.LASF27
 498 0019 00000000 		.4byte	.Ldebug_ranges0+0
 499 001d 00000000 		.4byte	0
 500 0021 00000000 		.4byte	.Ldebug_line0
 501 0025 02       		.uleb128 0x2
 502 0026 04       		.byte	0x4
 503 0027 05       		.byte	0x5
 504 0028 696E7400 		.ascii	"int\000"
 505 002c 03       		.uleb128 0x3
 506 002d 04       		.byte	0x4
 507 002e 07       		.byte	0x7
 508 002f C4000000 		.4byte	.LASF0
 509 0033 03       		.uleb128 0x3
 510 0034 08       		.byte	0x8
 511 0035 05       		.byte	0x5
 512 0036 F1000000 		.4byte	.LASF1
 513 003a 03       		.uleb128 0x3
 514 003b 08       		.byte	0x8
 515 003c 04       		.byte	0x4
 516 003d 34010000 		.4byte	.LASF2
 517 0041 03       		.uleb128 0x3
 518 0042 01       		.byte	0x1
 519 0043 06       		.byte	0x6
 520 0044 D2010000 		.4byte	.LASF3
 521 0048 03       		.uleb128 0x3
ARM GAS  C:\Users\nbutts\AppData\Local\Temp\ccBvjSYB.s 			page 17


 522 0049 01       		.byte	0x1
 523 004a 08       		.byte	0x8
 524 004b 61000000 		.4byte	.LASF4
 525 004f 03       		.uleb128 0x3
 526 0050 02       		.byte	0x2
 527 0051 05       		.byte	0x5
 528 0052 0C010000 		.4byte	.LASF5
 529 0056 03       		.uleb128 0x3
 530 0057 02       		.byte	0x2
 531 0058 07       		.byte	0x7
 532 0059 48000000 		.4byte	.LASF6
 533 005d 03       		.uleb128 0x3
 534 005e 04       		.byte	0x4
 535 005f 05       		.byte	0x5
 536 0060 2B010000 		.4byte	.LASF7
 537 0064 03       		.uleb128 0x3
 538 0065 04       		.byte	0x4
 539 0066 07       		.byte	0x7
 540 0067 6F000000 		.4byte	.LASF8
 541 006b 03       		.uleb128 0x3
 542 006c 08       		.byte	0x8
 543 006d 07       		.byte	0x7
 544 006e D1000000 		.4byte	.LASF9
 545 0072 03       		.uleb128 0x3
 546 0073 04       		.byte	0x4
 547 0074 07       		.byte	0x7
 548 0075 E8000000 		.4byte	.LASF10
 549 0079 03       		.uleb128 0x3
 550 007a 01       		.byte	0x1
 551 007b 08       		.byte	0x8
 552 007c FF000000 		.4byte	.LASF11
 553 0080 04       		.uleb128 0x4
 554 0081 81000000 		.4byte	.LASF12
 555 0085 02       		.byte	0x2
 556 0086 E401     		.2byte	0x1e4
 557 0088 48000000 		.4byte	0x48
 558 008c 04       		.uleb128 0x4
 559 008d BD000000 		.4byte	.LASF13
 560 0091 02       		.byte	0x2
 561 0092 E601     		.2byte	0x1e6
 562 0094 64000000 		.4byte	0x64
 563 0098 03       		.uleb128 0x3
 564 0099 04       		.byte	0x4
 565 009a 04       		.byte	0x4
 566 009b 5B000000 		.4byte	.LASF14
 567 009f 03       		.uleb128 0x3
 568 00a0 08       		.byte	0x8
 569 00a1 04       		.byte	0x4
 570 00a2 AA000000 		.4byte	.LASF15
 571 00a6 04       		.uleb128 0x4
 572 00a7 00000000 		.4byte	.LASF16
 573 00ab 02       		.byte	0x2
 574 00ac 9002     		.2byte	0x290
 575 00ae B2000000 		.4byte	0xb2
 576 00b2 05       		.uleb128 0x5
 577 00b3 8C000000 		.4byte	0x8c
 578 00b7 06       		.uleb128 0x6
ARM GAS  C:\Users\nbutts\AppData\Local\Temp\ccBvjSYB.s 			page 18


 579 00b8 3D000000 		.4byte	.LASF17
 580 00bc 01       		.byte	0x1
 581 00bd A9       		.byte	0xa9
 582 00be 00000000 		.4byte	.LFB4
 583 00c2 30010000 		.4byte	.LFE4-.LFB4
 584 00c6 01       		.uleb128 0x1
 585 00c7 9C       		.byte	0x9c
 586 00c8 16010000 		.4byte	0x116
 587 00cc 07       		.uleb128 0x7
 588 00cd 0E000000 		.4byte	.LVL0
 589 00d1 99010000 		.4byte	0x199
 590 00d5 E0000000 		.4byte	0xe0
 591 00d9 08       		.uleb128 0x8
 592 00da 01       		.uleb128 0x1
 593 00db 50       		.byte	0x50
 594 00dc 02       		.uleb128 0x2
 595 00dd 08       		.byte	0x8
 596 00de 30       		.byte	0x30
 597 00df 00       		.byte	0
 598 00e0 07       		.uleb128 0x7
 599 00e1 A6000000 		.4byte	.LVL1
 600 00e5 A4010000 		.4byte	0x1a4
 601 00e9 F3000000 		.4byte	0xf3
 602 00ed 08       		.uleb128 0x8
 603 00ee 01       		.uleb128 0x1
 604 00ef 50       		.byte	0x50
 605 00f0 01       		.uleb128 0x1
 606 00f1 3B       		.byte	0x3b
 607 00f2 00       		.byte	0
 608 00f3 07       		.uleb128 0x7
 609 00f4 AC000000 		.4byte	.LVL2
 610 00f8 AF010000 		.4byte	0x1af
 611 00fc 06010000 		.4byte	0x106
 612 0100 08       		.uleb128 0x8
 613 0101 01       		.uleb128 0x1
 614 0102 50       		.byte	0x50
 615 0103 01       		.uleb128 0x1
 616 0104 3B       		.byte	0x3b
 617 0105 00       		.byte	0
 618 0106 09       		.uleb128 0x9
 619 0107 B8000000 		.4byte	.LVL3
 620 010b BA010000 		.4byte	0x1ba
 621 010f 08       		.uleb128 0x8
 622 0110 01       		.uleb128 0x1
 623 0111 50       		.byte	0x50
 624 0112 01       		.uleb128 0x1
 625 0113 30       		.byte	0x30
 626 0114 00       		.byte	0
 627 0115 00       		.byte	0
 628 0116 0A       		.uleb128 0xa
 629 0117 94000000 		.4byte	.LASF19
 630 011b 01       		.byte	0x1
 631 011c 2101     		.2byte	0x121
 632 011e 00000000 		.4byte	.LFB6
 633 0122 20000000 		.4byte	.LFE6-.LFB6
 634 0126 01       		.uleb128 0x1
 635 0127 9C       		.byte	0x9c
ARM GAS  C:\Users\nbutts\AppData\Local\Temp\ccBvjSYB.s 			page 19


 636 0128 4B010000 		.4byte	0x14b
 637 012c 0B       		.uleb128 0xb
 638 012d 04010000 		.4byte	.LASF28
 639 0131 01       		.byte	0x1
 640 0132 2101     		.2byte	0x121
 641 0134 80000000 		.4byte	0x80
 642 0138 01       		.uleb128 0x1
 643 0139 50       		.byte	0x50
 644 013a 0C       		.uleb128 0xc
 645 013b 04020000 		.4byte	.LASF29
 646 013f 01       		.byte	0x1
 647 0140 2301     		.2byte	0x123
 648 0142 8C000000 		.4byte	0x8c
 649 0146 00000000 		.4byte	.LLST0
 650 014a 00       		.byte	0
 651 014b 06       		.uleb128 0x6
 652 014c 06000000 		.4byte	.LASF18
 653 0150 01       		.byte	0x1
 654 0151 FB       		.byte	0xfb
 655 0152 00000000 		.4byte	.LFB5
 656 0156 BC000000 		.4byte	.LFE5-.LFB5
 657 015a 01       		.uleb128 0x1
 658 015b 9C       		.byte	0x9c
 659 015c 70010000 		.4byte	0x170
 660 0160 09       		.uleb128 0x9
 661 0161 66000000 		.4byte	.LVL9
 662 0165 16010000 		.4byte	0x116
 663 0169 08       		.uleb128 0x8
 664 016a 01       		.uleb128 0x1
 665 016b 50       		.byte	0x50
 666 016c 01       		.uleb128 0x1
 667 016d 31       		.byte	0x31
 668 016e 00       		.byte	0
 669 016f 00       		.byte	0
 670 0170 0A       		.uleb128 0xa
 671 0171 87000000 		.4byte	.LASF20
 672 0175 01       		.byte	0x1
 673 0176 4301     		.2byte	0x143
 674 0178 30010000 		.4byte	.LFB7
 675 017c CC000000 		.4byte	.LFE7-.LFB7
 676 0180 01       		.uleb128 0x1
 677 0181 9C       		.byte	0x9c
 678 0182 99010000 		.4byte	0x199
 679 0186 0D       		.uleb128 0xd
 680 0187 9A010000 		.4byte	.LVL10
 681 018b B7000000 		.4byte	0xb7
 682 018f 0D       		.uleb128 0xd
 683 0190 9E010000 		.4byte	.LVL11
 684 0194 4B010000 		.4byte	0x14b
 685 0198 00       		.byte	0
 686 0199 0E       		.uleb128 0xe
 687 019a 16010000 		.4byte	.LASF21
 688 019e 16010000 		.4byte	.LASF21
 689 01a2 03       		.byte	0x3
 690 01a3 6C       		.byte	0x6c
 691 01a4 0E       		.uleb128 0xe
 692 01a5 2E000000 		.4byte	.LASF22
ARM GAS  C:\Users\nbutts\AppData\Local\Temp\ccBvjSYB.s 			page 20


 693 01a9 2E000000 		.4byte	.LASF22
 694 01ad 03       		.byte	0x3
 695 01ae BD       		.byte	0xbd
 696 01af 0E       		.uleb128 0xe
 697 01b0 B1000000 		.4byte	.LASF23
 698 01b4 B1000000 		.4byte	.LASF23
 699 01b8 03       		.byte	0x3
 700 01b9 C3       		.byte	0xc3
 701 01ba 0E       		.uleb128 0xe
 702 01bb 17000000 		.4byte	.LASF24
 703 01bf 17000000 		.4byte	.LASF24
 704 01c3 04       		.byte	0x4
 705 01c4 9F       		.byte	0x9f
 706 01c5 00       		.byte	0
 707              		.section	.debug_abbrev,"",%progbits
 708              	.Ldebug_abbrev0:
 709 0000 01       		.uleb128 0x1
 710 0001 11       		.uleb128 0x11
 711 0002 01       		.byte	0x1
 712 0003 25       		.uleb128 0x25
 713 0004 0E       		.uleb128 0xe
 714 0005 13       		.uleb128 0x13
 715 0006 0B       		.uleb128 0xb
 716 0007 03       		.uleb128 0x3
 717 0008 0E       		.uleb128 0xe
 718 0009 1B       		.uleb128 0x1b
 719 000a 0E       		.uleb128 0xe
 720 000b 55       		.uleb128 0x55
 721 000c 17       		.uleb128 0x17
 722 000d 11       		.uleb128 0x11
 723 000e 01       		.uleb128 0x1
 724 000f 10       		.uleb128 0x10
 725 0010 17       		.uleb128 0x17
 726 0011 00       		.byte	0
 727 0012 00       		.byte	0
 728 0013 02       		.uleb128 0x2
 729 0014 24       		.uleb128 0x24
 730 0015 00       		.byte	0
 731 0016 0B       		.uleb128 0xb
 732 0017 0B       		.uleb128 0xb
 733 0018 3E       		.uleb128 0x3e
 734 0019 0B       		.uleb128 0xb
 735 001a 03       		.uleb128 0x3
 736 001b 08       		.uleb128 0x8
 737 001c 00       		.byte	0
 738 001d 00       		.byte	0
 739 001e 03       		.uleb128 0x3
 740 001f 24       		.uleb128 0x24
 741 0020 00       		.byte	0
 742 0021 0B       		.uleb128 0xb
 743 0022 0B       		.uleb128 0xb
 744 0023 3E       		.uleb128 0x3e
 745 0024 0B       		.uleb128 0xb
 746 0025 03       		.uleb128 0x3
 747 0026 0E       		.uleb128 0xe
 748 0027 00       		.byte	0
 749 0028 00       		.byte	0
ARM GAS  C:\Users\nbutts\AppData\Local\Temp\ccBvjSYB.s 			page 21


 750 0029 04       		.uleb128 0x4
 751 002a 16       		.uleb128 0x16
 752 002b 00       		.byte	0
 753 002c 03       		.uleb128 0x3
 754 002d 0E       		.uleb128 0xe
 755 002e 3A       		.uleb128 0x3a
 756 002f 0B       		.uleb128 0xb
 757 0030 3B       		.uleb128 0x3b
 758 0031 05       		.uleb128 0x5
 759 0032 49       		.uleb128 0x49
 760 0033 13       		.uleb128 0x13
 761 0034 00       		.byte	0
 762 0035 00       		.byte	0
 763 0036 05       		.uleb128 0x5
 764 0037 35       		.uleb128 0x35
 765 0038 00       		.byte	0
 766 0039 49       		.uleb128 0x49
 767 003a 13       		.uleb128 0x13
 768 003b 00       		.byte	0
 769 003c 00       		.byte	0
 770 003d 06       		.uleb128 0x6
 771 003e 2E       		.uleb128 0x2e
 772 003f 01       		.byte	0x1
 773 0040 03       		.uleb128 0x3
 774 0041 0E       		.uleb128 0xe
 775 0042 3A       		.uleb128 0x3a
 776 0043 0B       		.uleb128 0xb
 777 0044 3B       		.uleb128 0x3b
 778 0045 0B       		.uleb128 0xb
 779 0046 27       		.uleb128 0x27
 780 0047 19       		.uleb128 0x19
 781 0048 11       		.uleb128 0x11
 782 0049 01       		.uleb128 0x1
 783 004a 12       		.uleb128 0x12
 784 004b 06       		.uleb128 0x6
 785 004c 40       		.uleb128 0x40
 786 004d 18       		.uleb128 0x18
 787 004e 9742     		.uleb128 0x2117
 788 0050 19       		.uleb128 0x19
 789 0051 01       		.uleb128 0x1
 790 0052 13       		.uleb128 0x13
 791 0053 00       		.byte	0
 792 0054 00       		.byte	0
 793 0055 07       		.uleb128 0x7
 794 0056 898201   		.uleb128 0x4109
 795 0059 01       		.byte	0x1
 796 005a 11       		.uleb128 0x11
 797 005b 01       		.uleb128 0x1
 798 005c 31       		.uleb128 0x31
 799 005d 13       		.uleb128 0x13
 800 005e 01       		.uleb128 0x1
 801 005f 13       		.uleb128 0x13
 802 0060 00       		.byte	0
 803 0061 00       		.byte	0
 804 0062 08       		.uleb128 0x8
 805 0063 8A8201   		.uleb128 0x410a
 806 0066 00       		.byte	0
ARM GAS  C:\Users\nbutts\AppData\Local\Temp\ccBvjSYB.s 			page 22


 807 0067 02       		.uleb128 0x2
 808 0068 18       		.uleb128 0x18
 809 0069 9142     		.uleb128 0x2111
 810 006b 18       		.uleb128 0x18
 811 006c 00       		.byte	0
 812 006d 00       		.byte	0
 813 006e 09       		.uleb128 0x9
 814 006f 898201   		.uleb128 0x4109
 815 0072 01       		.byte	0x1
 816 0073 11       		.uleb128 0x11
 817 0074 01       		.uleb128 0x1
 818 0075 31       		.uleb128 0x31
 819 0076 13       		.uleb128 0x13
 820 0077 00       		.byte	0
 821 0078 00       		.byte	0
 822 0079 0A       		.uleb128 0xa
 823 007a 2E       		.uleb128 0x2e
 824 007b 01       		.byte	0x1
 825 007c 3F       		.uleb128 0x3f
 826 007d 19       		.uleb128 0x19
 827 007e 03       		.uleb128 0x3
 828 007f 0E       		.uleb128 0xe
 829 0080 3A       		.uleb128 0x3a
 830 0081 0B       		.uleb128 0xb
 831 0082 3B       		.uleb128 0x3b
 832 0083 05       		.uleb128 0x5
 833 0084 27       		.uleb128 0x27
 834 0085 19       		.uleb128 0x19
 835 0086 11       		.uleb128 0x11
 836 0087 01       		.uleb128 0x1
 837 0088 12       		.uleb128 0x12
 838 0089 06       		.uleb128 0x6
 839 008a 40       		.uleb128 0x40
 840 008b 18       		.uleb128 0x18
 841 008c 9742     		.uleb128 0x2117
 842 008e 19       		.uleb128 0x19
 843 008f 01       		.uleb128 0x1
 844 0090 13       		.uleb128 0x13
 845 0091 00       		.byte	0
 846 0092 00       		.byte	0
 847 0093 0B       		.uleb128 0xb
 848 0094 05       		.uleb128 0x5
 849 0095 00       		.byte	0
 850 0096 03       		.uleb128 0x3
 851 0097 0E       		.uleb128 0xe
 852 0098 3A       		.uleb128 0x3a
 853 0099 0B       		.uleb128 0xb
 854 009a 3B       		.uleb128 0x3b
 855 009b 05       		.uleb128 0x5
 856 009c 49       		.uleb128 0x49
 857 009d 13       		.uleb128 0x13
 858 009e 02       		.uleb128 0x2
 859 009f 18       		.uleb128 0x18
 860 00a0 00       		.byte	0
 861 00a1 00       		.byte	0
 862 00a2 0C       		.uleb128 0xc
 863 00a3 34       		.uleb128 0x34
ARM GAS  C:\Users\nbutts\AppData\Local\Temp\ccBvjSYB.s 			page 23


 864 00a4 00       		.byte	0
 865 00a5 03       		.uleb128 0x3
 866 00a6 0E       		.uleb128 0xe
 867 00a7 3A       		.uleb128 0x3a
 868 00a8 0B       		.uleb128 0xb
 869 00a9 3B       		.uleb128 0x3b
 870 00aa 05       		.uleb128 0x5
 871 00ab 49       		.uleb128 0x49
 872 00ac 13       		.uleb128 0x13
 873 00ad 02       		.uleb128 0x2
 874 00ae 17       		.uleb128 0x17
 875 00af 00       		.byte	0
 876 00b0 00       		.byte	0
 877 00b1 0D       		.uleb128 0xd
 878 00b2 898201   		.uleb128 0x4109
 879 00b5 00       		.byte	0
 880 00b6 11       		.uleb128 0x11
 881 00b7 01       		.uleb128 0x1
 882 00b8 31       		.uleb128 0x31
 883 00b9 13       		.uleb128 0x13
 884 00ba 00       		.byte	0
 885 00bb 00       		.byte	0
 886 00bc 0E       		.uleb128 0xe
 887 00bd 2E       		.uleb128 0x2e
 888 00be 00       		.byte	0
 889 00bf 3F       		.uleb128 0x3f
 890 00c0 19       		.uleb128 0x19
 891 00c1 3C       		.uleb128 0x3c
 892 00c2 19       		.uleb128 0x19
 893 00c3 6E       		.uleb128 0x6e
 894 00c4 0E       		.uleb128 0xe
 895 00c5 03       		.uleb128 0x3
 896 00c6 0E       		.uleb128 0xe
 897 00c7 3A       		.uleb128 0x3a
 898 00c8 0B       		.uleb128 0xb
 899 00c9 3B       		.uleb128 0x3b
 900 00ca 0B       		.uleb128 0xb
 901 00cb 00       		.byte	0
 902 00cc 00       		.byte	0
 903 00cd 00       		.byte	0
 904              		.section	.debug_loc,"",%progbits
 905              	.Ldebug_loc0:
 906              	.LLST0:
 907 0000 04000000 		.4byte	.LVL5
 908 0004 12000000 		.4byte	.LVL7
 909 0008 0100     		.2byte	0x1
 910 000a 53       		.byte	0x53
 911 000b 14000000 		.4byte	.LVL8
 912 000f 20000000 		.4byte	.LFE6
 913 0013 0100     		.2byte	0x1
 914 0015 53       		.byte	0x53
 915 0016 00000000 		.4byte	0
 916 001a 00000000 		.4byte	0
 917              		.section	.debug_aranges,"",%progbits
 918 0000 34000000 		.4byte	0x34
 919 0004 0200     		.2byte	0x2
 920 0006 00000000 		.4byte	.Ldebug_info0
ARM GAS  C:\Users\nbutts\AppData\Local\Temp\ccBvjSYB.s 			page 24


 921 000a 04       		.byte	0x4
 922 000b 00       		.byte	0
 923 000c 0000     		.2byte	0
 924 000e 0000     		.2byte	0
 925 0010 00000000 		.4byte	.LFB4
 926 0014 30010000 		.4byte	.LFE4-.LFB4
 927 0018 00000000 		.4byte	.LFB6
 928 001c 20000000 		.4byte	.LFE6-.LFB6
 929 0020 00000000 		.4byte	.LFB5
 930 0024 BC000000 		.4byte	.LFE5-.LFB5
 931 0028 30010000 		.4byte	.LFB7
 932 002c CC000000 		.4byte	.LFE7-.LFB7
 933 0030 00000000 		.4byte	0
 934 0034 00000000 		.4byte	0
 935              		.section	.debug_ranges,"",%progbits
 936              	.Ldebug_ranges0:
 937 0000 00000000 		.4byte	.LFB4
 938 0004 30010000 		.4byte	.LFE4
 939 0008 00000000 		.4byte	.LFB6
 940 000c 20000000 		.4byte	.LFE6
 941 0010 00000000 		.4byte	.LFB5
 942 0014 BC000000 		.4byte	.LFE5
 943 0018 30010000 		.4byte	.LFB7
 944 001c FC010000 		.4byte	.LFE7
 945 0020 00000000 		.4byte	0
 946 0024 00000000 		.4byte	0
 947              		.section	.debug_line,"",%progbits
 948              	.Ldebug_line0:
 949 0000 EB000000 		.section	.debug_str,"MS",%progbits,1
 949      02006100 
 949      00000201 
 949      FB0E0D00 
 949      01010101 
 950              	.LASF16:
 951 0000 72656733 		.ascii	"reg32\000"
 951      3200
 952              	.LASF18:
 953 0006 416E616C 		.ascii	"AnalogSetDefault\000"
 953      6F675365 
 953      74446566 
 953      61756C74 
 953      00
 954              	.LASF24:
 955 0017 43795379 		.ascii	"CySysClkSetTimerSource\000"
 955      73436C6B 
 955      53657454 
 955      696D6572 
 955      536F7572 
 956              	.LASF22:
 957 002e 4379496E 		.ascii	"CyIntSetVector\000"
 957      74536574 
 957      56656374 
 957      6F7200
 958              	.LASF17:
 959 003d 436C6F63 		.ascii	"ClockSetup\000"
 959      6B536574 
 959      757000
ARM GAS  C:\Users\nbutts\AppData\Local\Temp\ccBvjSYB.s 			page 25


 960              	.LASF6:
 961 0048 73686F72 		.ascii	"short unsigned int\000"
 961      7420756E 
 961      7369676E 
 961      65642069 
 961      6E7400
 962              	.LASF14:
 963 005b 666C6F61 		.ascii	"float\000"
 963      7400
 964              	.LASF4:
 965 0061 756E7369 		.ascii	"unsigned char\000"
 965      676E6564 
 965      20636861 
 965      7200
 966              	.LASF8:
 967 006f 6C6F6E67 		.ascii	"long unsigned int\000"
 967      20756E73 
 967      69676E65 
 967      6420696E 
 967      7400
 968              	.LASF12:
 969 0081 75696E74 		.ascii	"uint8\000"
 969      3800
 970              	.LASF20:
 971 0087 63796669 		.ascii	"cyfitter_cfg\000"
 971      74746572 
 971      5F636667 
 971      00
 972              	.LASF19:
 973 0094 53657441 		.ascii	"SetAnalogRoutingPumps\000"
 973      6E616C6F 
 973      67526F75 
 973      74696E67 
 973      50756D70 
 974              	.LASF15:
 975 00aa 646F7562 		.ascii	"double\000"
 975      6C6500
 976              	.LASF23:
 977 00b1 4379496E 		.ascii	"CyIntEnable\000"
 977      74456E61 
 977      626C6500 
 978              	.LASF13:
 979 00bd 75696E74 		.ascii	"uint32\000"
 979      333200
 980              	.LASF0:
 981 00c4 756E7369 		.ascii	"unsigned int\000"
 981      676E6564 
 981      20696E74 
 981      00
 982              	.LASF9:
 983 00d1 6C6F6E67 		.ascii	"long long unsigned int\000"
 983      206C6F6E 
 983      6720756E 
 983      7369676E 
 983      65642069 
 984              	.LASF10:
 985 00e8 73697A65 		.ascii	"sizetype\000"
ARM GAS  C:\Users\nbutts\AppData\Local\Temp\ccBvjSYB.s 			page 26


 985      74797065 
 985      00
 986              	.LASF1:
 987 00f1 6C6F6E67 		.ascii	"long long int\000"
 987      206C6F6E 
 987      6720696E 
 987      7400
 988              	.LASF11:
 989 00ff 63686172 		.ascii	"char\000"
 989      00
 990              	.LASF28:
 991 0104 656E6162 		.ascii	"enabled\000"
 991      6C656400 
 992              	.LASF5:
 993 010c 73686F72 		.ascii	"short int\000"
 993      7420696E 
 993      7400
 994              	.LASF21:
 995 0116 43795379 		.ascii	"CySysClkWriteImoFreq\000"
 995      73436C6B 
 995      57726974 
 995      65496D6F 
 995      46726571 
 996              	.LASF7:
 997 012b 6C6F6E67 		.ascii	"long int\000"
 997      20696E74 
 997      00
 998              	.LASF2:
 999 0134 6C6F6E67 		.ascii	"long double\000"
 999      20646F75 
 999      626C6500 
 1000              	.LASF25:
 1001 0140 474E5520 		.ascii	"GNU C11 5.4.1 20160609 (release) [ARM/embedded-5-br"
 1001      43313120 
 1001      352E342E 
 1001      31203230 
 1001      31363036 
 1002 0173 616E6368 		.ascii	"anch revision 237715] -mcpu=cortex-m0plus -mthumb -"
 1002      20726576 
 1002      6973696F 
 1002      6E203233 
 1002      37373135 
 1003 01a6 67202D4F 		.ascii	"g -Og -ffunction-sections -ffat-lto-objects\000"
 1003      67202D66 
 1003      66756E63 
 1003      74696F6E 
 1003      2D736563 
 1004              	.LASF3:
 1005 01d2 7369676E 		.ascii	"signed char\000"
 1005      65642063 
 1005      68617200 
 1006              	.LASF26:
 1007 01de 47656E65 		.ascii	"Generated_Source\\PSoC4\\cyfitter_cfg.c\000"
 1007      72617465 
 1007      645F536F 
 1007      75726365 
 1007      5C50536F 
ARM GAS  C:\Users\nbutts\AppData\Local\Temp\ccBvjSYB.s 			page 27


 1008              	.LASF29:
 1009 0204 72656756 		.ascii	"regValue\000"
 1009      616C7565 
 1009      00
 1010              	.LASF27:
 1011 020d 433A5C70 		.ascii	"C:\\projects\\LaserBodyRoll\\Software\\IOBoard.cyds"
 1011      726F6A65 
 1011      6374735C 
 1011      4C617365 
 1011      72426F64 
 1012 023c 6E00     		.ascii	"n\000"
 1013              		.ident	"GCC: (GNU Tools for ARM Embedded Processors) 5.4.1 20160609 (release) [ARM/embedded-5-bran
